GAS LISTING /tmp/cc4C6qwf.s 			page 1


   1              		.file	"MemoryAllocator.cpp"
   2              		.option pic
   3              		.option norelax
   4              		.text
   5              	.Ltext0:
   6              		.align	2
   7              		.globl	_ZN15MemoryAllocator12getAllocatorEv
   9              	_ZN15MemoryAllocator12getAllocatorEv:
  10              	.LFB0:
  11              		.file 1 "src/MemoryAllocator.cpp"
   1:src/MemoryAllocator.cpp **** #include "../h/syscall_c.h"
   2:src/MemoryAllocator.cpp **** #include "../h/MemoryAllocator.hpp"
   3:src/MemoryAllocator.cpp **** 
   4:src/MemoryAllocator.cpp **** MemoryAllocator::MemBlock* MemoryAllocator::freeHead = nullptr;
   5:src/MemoryAllocator.cpp **** 
   6:src/MemoryAllocator.cpp **** void MemoryAllocator::getAllocator() {
  12              		.loc 1 6 38
  13              		.cfi_startproc
  14 0000 130101FF 		addi	sp,sp,-16
  15              		.cfi_def_cfa_offset 16
  16 0004 23348100 		sd	s0,8(sp)
  17              		.cfi_offset 8, -8
  18 0008 13040101 		addi	s0,sp,16
  19              		.cfi_def_cfa 8, 0
   7:src/MemoryAllocator.cpp ****     freeHead = (MemBlock*)((char*)HEAP_START_ADDR);
  20              		.loc 1 7 5
  21              		.loc 1 7 14 is_stmt 0
  22 000c 97070000 		la	a5,HEAP_START_ADDR
  22      83B70700 
  23 0014 83B70700 		ld	a5,0(a5)
  24 0018 17070000 		sd	a5,.LANCHOR0,a4
  24      2330F700 
   8:src/MemoryAllocator.cpp ****     freeHead->next = freeHead->prev = nullptr;
  25              		.loc 1 8 5 is_stmt 1
  26              		.loc 1 8 37 is_stmt 0
  27 0020 23B80700 		sd	zero,16(a5)
  28              		.loc 1 8 20
  29 0024 23B40700 		sd	zero,8(a5)
   9:src/MemoryAllocator.cpp ****     freeHead->size = (size_t)((char*)HEAP_END_ADDR - (char*)HEAP_START_ADDR - sizeof(MemBlock));
  30              		.loc 1 9 5 is_stmt 1
  31              		.loc 1 9 31 is_stmt 0
  32 0028 17070000 		la	a4,HEAP_END_ADDR
  32      03370700 
  33 0030 03370700 		ld	a4,0(a4)
  34              		.loc 1 9 52
  35 0034 3307F740 		sub	a4,a4,a5
  36              		.loc 1 9 77
  37 0038 130787FE 		addi	a4,a4,-24
  38              		.loc 1 9 20
  39 003c 23B0E700 		sd	a4,0(a5)
  10:src/MemoryAllocator.cpp **** }
  40              		.loc 1 10 1
  41 0040 03348100 		ld	s0,8(sp)
  42              		.cfi_restore 8
  43              		.cfi_def_cfa 2, 16
  44 0044 13010101 		addi	sp,sp,16
  45              		.cfi_def_cfa_offset 0
GAS LISTING /tmp/cc4C6qwf.s 			page 2


  46 0048 67800000 		jr	ra
  47              		.cfi_endproc
  48              	.LFE0:
  50              		.align	2
  51              		.globl	_ZN15MemoryAllocator10allocBlockEm
  53              	_ZN15MemoryAllocator10allocBlockEm:
  54              	.LFB1:
  11:src/MemoryAllocator.cpp **** 
  12:src/MemoryAllocator.cpp **** void* MemoryAllocator::allocBlock(size_t size) {
  55              		.loc 1 12 48 is_stmt 1
  56              		.cfi_startproc
  57              	.LVL0:
  58 004c 130101FF 		addi	sp,sp,-16
  59              		.cfi_def_cfa_offset 16
  60 0050 23348100 		sd	s0,8(sp)
  61              		.cfi_offset 8, -8
  62 0054 13040101 		addi	s0,sp,16
  63              		.cfi_def_cfa 8, 0
  13:src/MemoryAllocator.cpp ****     if (size == 0) return nullptr;
  64              		.loc 1 13 5
  65 0058 63080510 		beqz	a0,.L17
  66 005c 93060500 		mv	a3,a0
  14:src/MemoryAllocator.cpp **** 
  15:src/MemoryAllocator.cpp ****     size_t sz = (size / MEM_BLOCK_SIZE + (size % MEM_BLOCK_SIZE == 0 ? 0 : 1)) * MEM_BLOCK_SIZE;
  67              		.loc 1 15 5
  68              		.loc 1 15 23 is_stmt 0
  69 0060 13566500 		srli	a2,a0,6
  70              		.loc 1 15 48
  71 0064 9377F503 		andi	a5,a0,63
  72              		.loc 1 15 70
  73 0068 B337F000 		snez	a5,a5
  74              		.loc 1 15 40
  75 006c 3306F600 		add	a2,a2,a5
  76              		.loc 1 15 12
  77 0070 13166600 		slli	a2,a2,6
  78              	.LVL1:
  16:src/MemoryAllocator.cpp **** 
  17:src/MemoryAllocator.cpp ****     //Minimum size - sizeof(MemBlock)
  18:src/MemoryAllocator.cpp ****     if (sz < sizeof(MemBlock)) {
  79              		.loc 1 18 5 is_stmt 1
  80 0074 93077001 		li	a5,23
  81 0078 63E4C700 		bgtu	a2,a5,.L5
  19:src/MemoryAllocator.cpp ****         sz = sizeof(MemBlock);
  82              		.loc 1 19 12 is_stmt 0
  83 007c 13068001 		li	a2,24
  84              	.LVL2:
  85              	.L5:
  20:src/MemoryAllocator.cpp ****     }
  21:src/MemoryAllocator.cpp **** 
  22:src/MemoryAllocator.cpp ****     MemBlock* cur = freeHead;
  86              		.loc 1 22 5 is_stmt 1
  87              		.loc 1 22 15 is_stmt 0
  88 0080 97070000 		ld	a5,.LANCHOR0
  88      83B70700 
  89              	.LVL3:
  23:src/MemoryAllocator.cpp ****     MemBlock* candidate = nullptr;
  90              		.loc 1 23 5 is_stmt 1
GAS LISTING /tmp/cc4C6qwf.s 			page 3


  24:src/MemoryAllocator.cpp **** 
  25:src/MemoryAllocator.cpp **** 
  26:src/MemoryAllocator.cpp ****     //Best-fit algorithm
  27:src/MemoryAllocator.cpp ****     int found = 0;
  91              		.loc 1 27 5
  92              		.loc 1 27 9 is_stmt 0
  93 0088 93050000 		li	a1,0
  23:src/MemoryAllocator.cpp ****     MemBlock* candidate = nullptr;
  94              		.loc 1 23 15
  95 008c 13050000 		li	a0,0
  96              	.LVL4:
  97 0090 6F000001 		j	.L8
  98              	.LVL5:
  99              	.L19:
  28:src/MemoryAllocator.cpp **** 
  29:src/MemoryAllocator.cpp ****     for(;cur;cur=cur->next) {
  30:src/MemoryAllocator.cpp ****         if(cur->size>=size){
  31:src/MemoryAllocator.cpp ****             if(!found){
  32:src/MemoryAllocator.cpp ****                 candidate = cur;
 100              		.loc 1 32 27
 101 0094 13850700 		mv	a0,a5
 102              	.LVL6:
  33:src/MemoryAllocator.cpp ****                 found = 1;
 103              		.loc 1 33 23
 104 0098 93051000 		li	a1,1
 105              	.LVL7:
 106              	.L7:
  29:src/MemoryAllocator.cpp ****         if(cur->size>=size){
 107              		.loc 1 29 5 is_stmt 1
  29:src/MemoryAllocator.cpp ****         if(cur->size>=size){
 108              		.loc 1 29 17 is_stmt 0
 109 009c 83B78700 		ld	a5,8(a5)
 110              	.LVL8:
 111              	.L8:
  29:src/MemoryAllocator.cpp ****         if(cur->size>=size){
 112              		.loc 1 29 5 is_stmt 1 discriminator 1
  29:src/MemoryAllocator.cpp ****         if(cur->size>=size){
 113              		.loc 1 29 10 discriminator 1
 114 00a0 63800702 		beqz	a5,.L6
  30:src/MemoryAllocator.cpp ****             if(!found){
 115              		.loc 1 30 9
  30:src/MemoryAllocator.cpp ****             if(!found){
 116              		.loc 1 30 17 is_stmt 0
 117 00a4 03B70700 		ld	a4,0(a5)
  30:src/MemoryAllocator.cpp ****             if(!found){
 118              		.loc 1 30 9
 119 00a8 E36AD7FE 		bltu	a4,a3,.L7
  31:src/MemoryAllocator.cpp ****                 candidate = cur;
 120              		.loc 1 31 13 is_stmt 1
 121 00ac E38405FE 		beqz	a1,.L19
  34:src/MemoryAllocator.cpp ****             }
  35:src/MemoryAllocator.cpp ****             else if(cur->size < candidate->size){
 122              		.loc 1 35 18
 123              		.loc 1 35 44 is_stmt 0
 124 00b0 03380500 		ld	a6,0(a0)
 125              		.loc 1 35 18
 126 00b4 E37407FF 		bgeu	a4,a6,.L7
GAS LISTING /tmp/cc4C6qwf.s 			page 4


  36:src/MemoryAllocator.cpp ****                 candidate = cur;
 127              		.loc 1 36 27
 128 00b8 13850700 		mv	a0,a5
 129              	.LVL9:
 130 00bc 6FF01FFE 		j	.L7
 131              	.LVL10:
 132              	.L6:
  37:src/MemoryAllocator.cpp ****             }
  38:src/MemoryAllocator.cpp ****         }
  39:src/MemoryAllocator.cpp ****     }
  40:src/MemoryAllocator.cpp **** 
  41:src/MemoryAllocator.cpp ****     cur = candidate;
 133              		.loc 1 41 5 is_stmt 1
  42:src/MemoryAllocator.cpp **** 
  43:src/MemoryAllocator.cpp ****     if (!cur) return nullptr;
 134              		.loc 1 43 5
 135 00c0 630E0502 		beqz	a0,.L3
  44:src/MemoryAllocator.cpp **** 
  45:src/MemoryAllocator.cpp ****     if (cur->size == sz || cur->size-sz < sizeof(MemBlock)) {
 136              		.loc 1 45 5
 137              	.LBB2:
 138              		.loc 1 45 14 is_stmt 0
 139 00c4 83370500 		ld	a5,0(a0)
 140              		.loc 1 45 5
 141 00c8 6388C700 		beq	a5,a2,.L9
 142              		.loc 1 45 37 discriminator 1
 143 00cc B387C740 		sub	a5,a5,a2
 144              		.loc 1 45 25 discriminator 1
 145 00d0 13077001 		li	a4,23
 146 00d4 6362F704 		bgtu	a5,a4,.L10
 147              	.L9:
  46:src/MemoryAllocator.cpp ****         if (cur->next) cur->next->prev = cur->prev;
 148              		.loc 1 46 9 is_stmt 1
 149              		.loc 1 46 18 is_stmt 0
 150 00d8 83378500 		ld	a5,8(a0)
 151              		.loc 1 46 9
 152 00dc 63860700 		beqz	a5,.L11
 153              		.loc 1 46 24 is_stmt 1 discriminator 1
 154              		.loc 1 46 47 is_stmt 0 discriminator 1
 155 00e0 03370501 		ld	a4,16(a0)
 156              		.loc 1 46 40 discriminator 1
 157 00e4 23B8E700 		sd	a4,16(a5)
 158              	.L11:
  47:src/MemoryAllocator.cpp ****         if (cur->prev) cur->prev->next = cur->next;
 159              		.loc 1 47 9 is_stmt 1
 160              		.loc 1 47 18 is_stmt 0
 161 00e8 83370501 		ld	a5,16(a0)
 162              		.loc 1 47 9
 163 00ec 638E0700 		beqz	a5,.L12
 164              		.loc 1 47 24 is_stmt 1 discriminator 1
 165              		.loc 1 47 47 is_stmt 0 discriminator 1
 166 00f0 03378500 		ld	a4,8(a0)
 167              		.loc 1 47 40 discriminator 1
 168 00f4 23B4E700 		sd	a4,8(a5)
 169              	.L13:
  48:src/MemoryAllocator.cpp ****         else freeHead = cur->next;
  49:src/MemoryAllocator.cpp **** 
GAS LISTING /tmp/cc4C6qwf.s 			page 5


  50:src/MemoryAllocator.cpp ****         return (char*)cur + sizeof(MemBlock);
 170              		.loc 1 50 9 is_stmt 1
 171              		.loc 1 50 44 is_stmt 0
 172 00f8 13058501 		addi	a0,a0,24
 173              	.LVL11:
 174              	.L3:
 175              	.LBE2:
  51:src/MemoryAllocator.cpp ****     }
  52:src/MemoryAllocator.cpp ****     else {
  53:src/MemoryAllocator.cpp ****         MemBlock* newFree = (MemBlock*)((char*)cur + sizeof(MemBlock) + sz);
  54:src/MemoryAllocator.cpp ****         newFree->size = cur->size - sz - sizeof(MemBlock);
  55:src/MemoryAllocator.cpp **** 
  56:src/MemoryAllocator.cpp ****         newFree->next = cur->next;
  57:src/MemoryAllocator.cpp ****         newFree->prev = cur->prev;
  58:src/MemoryAllocator.cpp **** 
  59:src/MemoryAllocator.cpp ****         if (cur->next) cur->next->prev = newFree;
  60:src/MemoryAllocator.cpp ****         if (cur->prev) cur->prev->next = newFree;
  61:src/MemoryAllocator.cpp ****         else freeHead = newFree;
  62:src/MemoryAllocator.cpp **** 
  63:src/MemoryAllocator.cpp ****         cur->size = sz;
  64:src/MemoryAllocator.cpp **** 
  65:src/MemoryAllocator.cpp ****         return (char*)cur + sizeof(MemBlock);
  66:src/MemoryAllocator.cpp ****     }
  67:src/MemoryAllocator.cpp **** }
 176              		.loc 1 67 1
 177 00fc 03348100 		ld	s0,8(sp)
 178              		.cfi_remember_state
 179              		.cfi_restore 8
 180              		.cfi_def_cfa 2, 16
 181 0100 13010101 		addi	sp,sp,16
 182              		.cfi_def_cfa_offset 0
 183 0104 67800000 		jr	ra
 184              	.LVL12:
 185              	.L12:
 186              		.cfi_restore_state
 187              	.LBB4:
  48:src/MemoryAllocator.cpp ****         else freeHead = cur->next;
 188              		.loc 1 48 14 is_stmt 1
  48:src/MemoryAllocator.cpp ****         else freeHead = cur->next;
 189              		.loc 1 48 30 is_stmt 0
 190 0108 83378500 		ld	a5,8(a0)
  48:src/MemoryAllocator.cpp ****         else freeHead = cur->next;
 191              		.loc 1 48 23
 192 010c 17070000 		sd	a5,.LANCHOR0,a4
 192      2330F700 
 193 0114 6FF05FFE 		j	.L13
 194              	.L10:
 195              	.LBB3:
  53:src/MemoryAllocator.cpp ****         newFree->size = cur->size - sz - sizeof(MemBlock);
 196              		.loc 1 53 9 is_stmt 1
  53:src/MemoryAllocator.cpp ****         newFree->size = cur->size - sz - sizeof(MemBlock);
 197              		.loc 1 53 71 is_stmt 0
 198 0118 13078601 		addi	a4,a2,24
  53:src/MemoryAllocator.cpp ****         newFree->size = cur->size - sz - sizeof(MemBlock);
 199              		.loc 1 53 19
 200 011c 3307E500 		add	a4,a0,a4
 201              	.LVL13:
GAS LISTING /tmp/cc4C6qwf.s 			page 6


  54:src/MemoryAllocator.cpp **** 
 202              		.loc 1 54 9 is_stmt 1
  54:src/MemoryAllocator.cpp **** 
 203              		.loc 1 54 40 is_stmt 0
 204 0120 938787FE 		addi	a5,a5,-24
  54:src/MemoryAllocator.cpp **** 
 205              		.loc 1 54 23
 206 0124 2330F700 		sd	a5,0(a4)
  56:src/MemoryAllocator.cpp ****         newFree->prev = cur->prev;
 207              		.loc 1 56 9 is_stmt 1
  56:src/MemoryAllocator.cpp ****         newFree->prev = cur->prev;
 208              		.loc 1 56 30 is_stmt 0
 209 0128 83378500 		ld	a5,8(a0)
  56:src/MemoryAllocator.cpp ****         newFree->prev = cur->prev;
 210              		.loc 1 56 23
 211 012c 2334F700 		sd	a5,8(a4)
  57:src/MemoryAllocator.cpp **** 
 212              		.loc 1 57 9 is_stmt 1
  57:src/MemoryAllocator.cpp **** 
 213              		.loc 1 57 30 is_stmt 0
 214 0130 83370501 		ld	a5,16(a0)
  57:src/MemoryAllocator.cpp **** 
 215              		.loc 1 57 23
 216 0134 2338F700 		sd	a5,16(a4)
  59:src/MemoryAllocator.cpp ****         if (cur->prev) cur->prev->next = newFree;
 217              		.loc 1 59 9 is_stmt 1
  59:src/MemoryAllocator.cpp ****         if (cur->prev) cur->prev->next = newFree;
 218              		.loc 1 59 18 is_stmt 0
 219 0138 83378500 		ld	a5,8(a0)
  59:src/MemoryAllocator.cpp ****         if (cur->prev) cur->prev->next = newFree;
 220              		.loc 1 59 9
 221 013c 63840700 		beqz	a5,.L14
  59:src/MemoryAllocator.cpp ****         if (cur->prev) cur->prev->next = newFree;
 222              		.loc 1 59 24 is_stmt 1 discriminator 1
  59:src/MemoryAllocator.cpp ****         if (cur->prev) cur->prev->next = newFree;
 223              		.loc 1 59 40 is_stmt 0 discriminator 1
 224 0140 23B8E700 		sd	a4,16(a5)
 225              	.L14:
  60:src/MemoryAllocator.cpp ****         else freeHead = newFree;
 226              		.loc 1 60 9 is_stmt 1
  60:src/MemoryAllocator.cpp ****         else freeHead = newFree;
 227              		.loc 1 60 18 is_stmt 0
 228 0144 83370501 		ld	a5,16(a0)
  60:src/MemoryAllocator.cpp ****         else freeHead = newFree;
 229              		.loc 1 60 9
 230 0148 638A0700 		beqz	a5,.L15
  60:src/MemoryAllocator.cpp ****         else freeHead = newFree;
 231              		.loc 1 60 24 is_stmt 1 discriminator 1
  60:src/MemoryAllocator.cpp ****         else freeHead = newFree;
 232              		.loc 1 60 40 is_stmt 0 discriminator 1
 233 014c 23B4E700 		sd	a4,8(a5)
 234              	.L16:
  63:src/MemoryAllocator.cpp **** 
 235              		.loc 1 63 9 is_stmt 1
  63:src/MemoryAllocator.cpp **** 
 236              		.loc 1 63 19 is_stmt 0
 237 0150 2330C500 		sd	a2,0(a0)
GAS LISTING /tmp/cc4C6qwf.s 			page 7


  65:src/MemoryAllocator.cpp ****     }
 238              		.loc 1 65 9 is_stmt 1
  65:src/MemoryAllocator.cpp ****     }
 239              		.loc 1 65 44 is_stmt 0
 240 0154 13058501 		addi	a0,a0,24
 241              	.LVL14:
 242 0158 6FF05FFA 		j	.L3
 243              	.LVL15:
 244              	.L15:
  61:src/MemoryAllocator.cpp **** 
 245              		.loc 1 61 14 is_stmt 1
  61:src/MemoryAllocator.cpp **** 
 246              		.loc 1 61 23 is_stmt 0
 247 015c 97070000 		sd	a4,.LANCHOR0,a5
 247      23B0E700 
 248 0164 6FF0DFFE 		j	.L16
 249              	.LVL16:
 250              	.L17:
 251              	.LBE3:
 252              	.LBE4:
  13:src/MemoryAllocator.cpp **** 
 253              		.loc 1 13 27
 254 0168 13050000 		li	a0,0
 255              	.LVL17:
 256 016c 6FF01FF9 		j	.L3
 257              		.cfi_endproc
 258              	.LFE1:
 260              		.align	2
 261              		.globl	_ZN15MemoryAllocator10tryToMergeEPNS_8MemBlockE
 263              	_ZN15MemoryAllocator10tryToMergeEPNS_8MemBlockE:
 264              	.LFB3:
  68:src/MemoryAllocator.cpp **** 
  69:src/MemoryAllocator.cpp **** int MemoryAllocator::freeBlock(void* ptr) {
  70:src/MemoryAllocator.cpp ****     if (!ptr) return 0;
  71:src/MemoryAllocator.cpp **** 
  72:src/MemoryAllocator.cpp ****     MemBlock* cur = (MemBlock*)((char*)ptr - sizeof(MemBlock));
  73:src/MemoryAllocator.cpp **** 
  74:src/MemoryAllocator.cpp ****     if ((char*)cur < (char*)HEAP_START_ADDR || (char*)cur >= (char*)HEAP_END_ADDR) return -1;
  75:src/MemoryAllocator.cpp **** 
  76:src/MemoryAllocator.cpp ****     MemBlock* tmp = freeHead;
  77:src/MemoryAllocator.cpp ****     MemBlock* prev = nullptr;
  78:src/MemoryAllocator.cpp **** 
  79:src/MemoryAllocator.cpp ****     while (tmp && (char*)tmp < (char*)cur) {
  80:src/MemoryAllocator.cpp ****         prev = tmp;
  81:src/MemoryAllocator.cpp ****         tmp = tmp->next;
  82:src/MemoryAllocator.cpp ****     }
  83:src/MemoryAllocator.cpp **** 
  84:src/MemoryAllocator.cpp ****     cur->next = tmp;
  85:src/MemoryAllocator.cpp ****     cur->prev = prev;
  86:src/MemoryAllocator.cpp ****     if (tmp) tmp->prev = cur;
  87:src/MemoryAllocator.cpp ****     if (prev) prev->next = cur;
  88:src/MemoryAllocator.cpp ****     else freeHead = cur;
  89:src/MemoryAllocator.cpp **** 
  90:src/MemoryAllocator.cpp ****     tryToMerge(cur);
  91:src/MemoryAllocator.cpp ****     tryToMerge(cur->prev);
  92:src/MemoryAllocator.cpp **** 
  93:src/MemoryAllocator.cpp ****     return 0;
GAS LISTING /tmp/cc4C6qwf.s 			page 8


  94:src/MemoryAllocator.cpp **** }
  95:src/MemoryAllocator.cpp **** 
  96:src/MemoryAllocator.cpp **** //Ideja preuzeta iz zadatka sa vezbi
  97:src/MemoryAllocator.cpp **** void MemoryAllocator::tryToMerge(MemBlock* cur) {
 265              		.loc 1 97 49 is_stmt 1
 266              		.cfi_startproc
 267              	.LVL18:
 268 0170 130101FF 		addi	sp,sp,-16
 269              		.cfi_def_cfa_offset 16
 270 0174 23348100 		sd	s0,8(sp)
 271              		.cfi_offset 8, -8
 272 0178 13040101 		addi	s0,sp,16
 273              		.cfi_def_cfa 8, 0
  98:src/MemoryAllocator.cpp ****     if (!cur) return;
 274              		.loc 1 98 5
 275 017c 630E0500 		beqz	a0,.L22
  99:src/MemoryAllocator.cpp ****     if (cur->next && (char*)cur + sizeof(MemBlock) + cur->size == (char*)cur->next) {
 276              		.loc 1 99 5
 277              	.LBB5:
 278              		.loc 1 99 14 is_stmt 0
 279 0180 83378500 		ld	a5,8(a0)
 280              		.loc 1 99 5
 281 0184 638A0700 		beqz	a5,.L22
 282              		.loc 1 99 59 discriminator 1
 283 0188 83360500 		ld	a3,0(a0)
 284              		.loc 1 99 52 discriminator 1
 285 018c 13878601 		addi	a4,a3,24
 286 0190 3307E500 		add	a4,a0,a4
 287              		.loc 1 99 19 discriminator 1
 288 0194 6388E700 		beq	a5,a4,.L25
 289              	.L22:
 290              	.LBE5:
 100:src/MemoryAllocator.cpp ****         MemBlock* nextBlock = cur->next;
 101:src/MemoryAllocator.cpp ****         cur->size += sizeof(MemBlock) + nextBlock->size;
 102:src/MemoryAllocator.cpp ****         cur->next = nextBlock->next;
 103:src/MemoryAllocator.cpp ****         if (nextBlock->next) nextBlock->next->prev = cur;
 104:src/MemoryAllocator.cpp ****     }
 105:src/MemoryAllocator.cpp **** }
 291              		.loc 1 105 1
 292 0198 03348100 		ld	s0,8(sp)
 293              		.cfi_remember_state
 294              		.cfi_restore 8
 295              		.cfi_def_cfa 2, 16
 296 019c 13010101 		addi	sp,sp,16
 297              		.cfi_def_cfa_offset 0
 298 01a0 67800000 		jr	ra
 299              	.L25:
 300              		.cfi_restore_state
 301              	.LBB7:
 302              	.LBB6:
 100:src/MemoryAllocator.cpp ****         MemBlock* nextBlock = cur->next;
 303              		.loc 1 100 9 is_stmt 1
 304              	.LVL19:
 101:src/MemoryAllocator.cpp ****         cur->next = nextBlock->next;
 305              		.loc 1 101 9
 101:src/MemoryAllocator.cpp ****         cur->next = nextBlock->next;
 306              		.loc 1 101 52 is_stmt 0
GAS LISTING /tmp/cc4C6qwf.s 			page 9


 307 01a4 03B70700 		ld	a4,0(a5)
 101:src/MemoryAllocator.cpp ****         cur->next = nextBlock->next;
 308              		.loc 1 101 19
 309 01a8 B386E600 		add	a3,a3,a4
 310 01ac 93868601 		addi	a3,a3,24
 311 01b0 2330D500 		sd	a3,0(a0)
 102:src/MemoryAllocator.cpp ****         if (nextBlock->next) nextBlock->next->prev = cur;
 312              		.loc 1 102 9 is_stmt 1
 102:src/MemoryAllocator.cpp ****         if (nextBlock->next) nextBlock->next->prev = cur;
 313              		.loc 1 102 32 is_stmt 0
 314 01b4 03B78700 		ld	a4,8(a5)
 102:src/MemoryAllocator.cpp ****         if (nextBlock->next) nextBlock->next->prev = cur;
 315              		.loc 1 102 19
 316 01b8 2334E500 		sd	a4,8(a0)
 103:src/MemoryAllocator.cpp ****     }
 317              		.loc 1 103 9 is_stmt 1
 103:src/MemoryAllocator.cpp ****     }
 318              		.loc 1 103 24 is_stmt 0
 319 01bc 83B78700 		ld	a5,8(a5)
 320              	.LVL20:
 103:src/MemoryAllocator.cpp ****     }
 321              		.loc 1 103 9
 322 01c0 E38C07FC 		beqz	a5,.L22
 103:src/MemoryAllocator.cpp ****     }
 323              		.loc 1 103 30 is_stmt 1 discriminator 1
 103:src/MemoryAllocator.cpp ****     }
 324              		.loc 1 103 52 is_stmt 0 discriminator 1
 325 01c4 23B8A700 		sd	a0,16(a5)
 326 01c8 6FF01FFD 		j	.L22
 327              	.LBE6:
 328              	.LBE7:
 329              		.cfi_endproc
 330              	.LFE3:
 332              		.align	2
 333              		.globl	_ZN15MemoryAllocator9freeBlockEPv
 335              	_ZN15MemoryAllocator9freeBlockEPv:
 336              	.LFB2:
  69:src/MemoryAllocator.cpp ****     if (!ptr) return 0;
 337              		.loc 1 69 43 is_stmt 1
 338              		.cfi_startproc
 339              	.LVL21:
  70:src/MemoryAllocator.cpp **** 
 340              		.loc 1 70 5
 341 01cc 6308050A 		beqz	a0,.L33
  69:src/MemoryAllocator.cpp ****     if (!ptr) return 0;
 342              		.loc 1 69 43 is_stmt 0
 343 01d0 130101FE 		addi	sp,sp,-32
 344              		.cfi_def_cfa_offset 32
 345 01d4 233C1100 		sd	ra,24(sp)
 346 01d8 23388100 		sd	s0,16(sp)
 347 01dc 23349100 		sd	s1,8(sp)
 348              		.cfi_offset 1, -8
 349              		.cfi_offset 8, -16
 350              		.cfi_offset 9, -24
 351 01e0 13040102 		addi	s0,sp,32
 352              		.cfi_def_cfa 8, 0
 353 01e4 93040500 		mv	s1,a0
GAS LISTING /tmp/cc4C6qwf.s 			page 10


  72:src/MemoryAllocator.cpp **** 
 354              		.loc 1 72 5 is_stmt 1
  72:src/MemoryAllocator.cpp **** 
 355              		.loc 1 72 15 is_stmt 0
 356 01e8 130585FE 		addi	a0,a0,-24
 357              	.LVL22:
  74:src/MemoryAllocator.cpp **** 
 358              		.loc 1 74 5 is_stmt 1
  74:src/MemoryAllocator.cpp **** 
 359              		.loc 1 74 22 is_stmt 0
 360 01ec 97070000 		la	a5,HEAP_START_ADDR
 360      83B70700 
 361 01f4 83B70700 		ld	a5,0(a5)
  74:src/MemoryAllocator.cpp **** 
 362              		.loc 1 74 5
 363 01f8 6366F508 		bgtu	a5,a0,.L34
  74:src/MemoryAllocator.cpp **** 
 364              		.loc 1 74 62 discriminator 2
 365 01fc 97070000 		la	a5,HEAP_END_ADDR
 365      83B70700 
 366 0204 83B70700 		ld	a5,0(a5)
  74:src/MemoryAllocator.cpp **** 
 367              		.loc 1 74 45 discriminator 2
 368 0208 6372F508 		bleu	a5,a0,.L35
  76:src/MemoryAllocator.cpp ****     MemBlock* prev = nullptr;
 369              		.loc 1 76 5 is_stmt 1
  76:src/MemoryAllocator.cpp ****     MemBlock* prev = nullptr;
 370              		.loc 1 76 15 is_stmt 0
 371 020c 97070000 		ld	a5,.LANCHOR0
 371      83B70700 
 372              	.LVL23:
  77:src/MemoryAllocator.cpp **** 
 373              		.loc 1 77 5 is_stmt 1
  77:src/MemoryAllocator.cpp **** 
 374              		.loc 1 77 15 is_stmt 0
 375 0214 13070000 		li	a4,0
 376              	.LVL24:
 377              	.L29:
  79:src/MemoryAllocator.cpp ****         prev = tmp;
 378              		.loc 1 79 5 is_stmt 1
  79:src/MemoryAllocator.cpp ****         prev = tmp;
 379              		.loc 1 79 16
 380 0218 638A0700 		beqz	a5,.L28
  79:src/MemoryAllocator.cpp ****         prev = tmp;
 381              		.loc 1 79 16 is_stmt 0 discriminator 1
 382 021c 63F8A700 		bgeu	a5,a0,.L28
  80:src/MemoryAllocator.cpp ****         tmp = tmp->next;
 383              		.loc 1 80 9 is_stmt 1
 384              	.LVL25:
  81:src/MemoryAllocator.cpp ****     }
 385              		.loc 1 81 9
  80:src/MemoryAllocator.cpp ****         tmp = tmp->next;
 386              		.loc 1 80 14 is_stmt 0
 387 0220 13870700 		mv	a4,a5
  81:src/MemoryAllocator.cpp ****     }
 388              		.loc 1 81 13
 389 0224 83B78700 		ld	a5,8(a5)
GAS LISTING /tmp/cc4C6qwf.s 			page 11


 390              	.LVL26:
  79:src/MemoryAllocator.cpp ****         prev = tmp;
 391              		.loc 1 79 5
 392 0228 6FF01FFF 		j	.L29
 393              	.L28:
  84:src/MemoryAllocator.cpp ****     cur->prev = prev;
 394              		.loc 1 84 5 is_stmt 1
  84:src/MemoryAllocator.cpp ****     cur->prev = prev;
 395              		.loc 1 84 15 is_stmt 0
 396 022c 23B8F4FE 		sd	a5,-16(s1)
  85:src/MemoryAllocator.cpp ****     if (tmp) tmp->prev = cur;
 397              		.loc 1 85 5 is_stmt 1
  85:src/MemoryAllocator.cpp ****     if (tmp) tmp->prev = cur;
 398              		.loc 1 85 15 is_stmt 0
 399 0230 23BCE4FE 		sd	a4,-8(s1)
  86:src/MemoryAllocator.cpp ****     if (prev) prev->next = cur;
 400              		.loc 1 86 5 is_stmt 1
 401 0234 63840700 		beqz	a5,.L30
  86:src/MemoryAllocator.cpp ****     if (prev) prev->next = cur;
 402              		.loc 1 86 14 discriminator 1
  86:src/MemoryAllocator.cpp ****     if (prev) prev->next = cur;
 403              		.loc 1 86 24 is_stmt 0 discriminator 1
 404 0238 23B8A700 		sd	a0,16(a5)
 405              	.L30:
  87:src/MemoryAllocator.cpp ****     else freeHead = cur;
 406              		.loc 1 87 5 is_stmt 1
 407 023c 630A0702 		beqz	a4,.L31
  87:src/MemoryAllocator.cpp ****     else freeHead = cur;
 408              		.loc 1 87 15 discriminator 1
  87:src/MemoryAllocator.cpp ****     else freeHead = cur;
 409              		.loc 1 87 26 is_stmt 0 discriminator 1
 410 0240 2334A700 		sd	a0,8(a4)
 411              	.LVL27:
 412              	.L32:
  90:src/MemoryAllocator.cpp ****     tryToMerge(cur->prev);
 413              		.loc 1 90 5 is_stmt 1
  90:src/MemoryAllocator.cpp ****     tryToMerge(cur->prev);
 414              		.loc 1 90 15 is_stmt 0
 415 0244 97000000 		call	_ZN15MemoryAllocator10tryToMergeEPNS_8MemBlockE
 415      E7800000 
 416              	.LVL28:
  91:src/MemoryAllocator.cpp **** 
 417              		.loc 1 91 5 is_stmt 1
  91:src/MemoryAllocator.cpp **** 
 418              		.loc 1 91 15 is_stmt 0
 419 024c 03B584FF 		ld	a0,-8(s1)
 420 0250 97000000 		call	_ZN15MemoryAllocator10tryToMergeEPNS_8MemBlockE
 420      E7800000 
 421              	.LVL29:
  93:src/MemoryAllocator.cpp **** }
 422              		.loc 1 93 5 is_stmt 1
  93:src/MemoryAllocator.cpp **** }
 423              		.loc 1 93 12 is_stmt 0
 424 0258 13050000 		li	a0,0
 425              	.L27:
  94:src/MemoryAllocator.cpp **** 
 426              		.loc 1 94 1
GAS LISTING /tmp/cc4C6qwf.s 			page 12


 427 025c 83308101 		ld	ra,24(sp)
 428              		.cfi_remember_state
 429              		.cfi_restore 1
 430 0260 03340101 		ld	s0,16(sp)
 431              		.cfi_restore 8
 432              		.cfi_def_cfa 2, 32
 433 0264 83348100 		ld	s1,8(sp)
 434              		.cfi_restore 9
 435              	.LVL30:
 436 0268 13010102 		addi	sp,sp,32
 437              		.cfi_def_cfa_offset 0
 438 026c 67800000 		jr	ra
 439              	.LVL31:
 440              	.L31:
 441              		.cfi_restore_state
  88:src/MemoryAllocator.cpp **** 
 442              		.loc 1 88 10 is_stmt 1
  88:src/MemoryAllocator.cpp **** 
 443              		.loc 1 88 19 is_stmt 0
 444 0270 97070000 		sd	a0,.LANCHOR0,a5
 444      23B0A700 
 445              	.LVL32:
 446 0278 6FF0DFFC 		j	.L32
 447              	.LVL33:
 448              	.L33:
 449              		.cfi_def_cfa_register 2
 450              		.cfi_restore 1
 451              		.cfi_restore 8
 452              		.cfi_restore 9
  70:src/MemoryAllocator.cpp **** 
 453              		.loc 1 70 22
 454 027c 13050000 		li	a0,0
 455              	.LVL34:
  94:src/MemoryAllocator.cpp **** 
 456              		.loc 1 94 1
 457 0280 67800000 		ret
 458              	.LVL35:
 459              	.L34:
 460              		.cfi_def_cfa_register 8
 461              		.cfi_offset 1, -8
 462              		.cfi_offset 8, -16
 463              		.cfi_offset 9, -24
  74:src/MemoryAllocator.cpp **** 
 464              		.loc 1 74 92
 465 0284 1305F0FF 		li	a0,-1
 466              	.LVL36:
 467 0288 6FF05FFD 		j	.L27
 468              	.LVL37:
 469              	.L35:
 470 028c 1305F0FF 		li	a0,-1
 471              	.LVL38:
 472 0290 6FF0DFFC 		j	.L27
 473              		.cfi_endproc
 474              	.LFE2:
 476              		.align	2
 477              		.globl	_ZN15MemoryAllocator15getLargestBlockEv
 479              	_ZN15MemoryAllocator15getLargestBlockEv:
GAS LISTING /tmp/cc4C6qwf.s 			page 13


 480              	.LFB4:
 106:src/MemoryAllocator.cpp **** 
 107:src/MemoryAllocator.cpp **** size_t MemoryAllocator::getLargestBlock() {
 481              		.loc 1 107 43 is_stmt 1
 482              		.cfi_startproc
 483 0294 130101FF 		addi	sp,sp,-16
 484              		.cfi_def_cfa_offset 16
 485 0298 23348100 		sd	s0,8(sp)
 486              		.cfi_offset 8, -8
 487 029c 13040101 		addi	s0,sp,16
 488              		.cfi_def_cfa 8, 0
 108:src/MemoryAllocator.cpp ****     if (!freeHead) return 0;
 489              		.loc 1 108 5
 490              		.loc 1 108 9 is_stmt 0
 491 02a0 97070000 		ld	a5,.LANCHOR0
 491      83B70700 
 492              		.loc 1 108 5
 493 02a8 63840702 		beqz	a5,.L44
 109:src/MemoryAllocator.cpp ****     size_t curMax = freeHead->size;
 494              		.loc 1 109 5 is_stmt 1
 495              		.loc 1 109 12 is_stmt 0
 496 02ac 03B50700 		ld	a0,0(a5)
 497              	.LVL39:
 110:src/MemoryAllocator.cpp ****     MemBlock* cur = freeHead->next;
 498              		.loc 1 110 5 is_stmt 1
 499              		.loc 1 110 15 is_stmt 0
 500 02b0 83B78700 		ld	a5,8(a5)
 501              	.LVL40:
 502 02b4 6F008000 		j	.L43
 503              	.LVL41:
 504              	.L42:
 111:src/MemoryAllocator.cpp ****     while (cur) {
 112:src/MemoryAllocator.cpp ****         if (cur->size > curMax) curMax = cur->size;
 113:src/MemoryAllocator.cpp ****         cur = cur->next;
 505              		.loc 1 113 9 is_stmt 1
 506              		.loc 1 113 13 is_stmt 0
 507 02b8 83B78700 		ld	a5,8(a5)
 508              	.LVL42:
 509              	.L43:
 111:src/MemoryAllocator.cpp ****     while (cur) {
 510              		.loc 1 111 5 is_stmt 1
 111:src/MemoryAllocator.cpp ****     while (cur) {
 511              		.loc 1 111 12
 512 02bc 638C0700 		beqz	a5,.L40
 112:src/MemoryAllocator.cpp ****         cur = cur->next;
 513              		.loc 1 112 9
 112:src/MemoryAllocator.cpp ****         cur = cur->next;
 514              		.loc 1 112 18 is_stmt 0
 515 02c0 03B70700 		ld	a4,0(a5)
 112:src/MemoryAllocator.cpp ****         cur = cur->next;
 516              		.loc 1 112 9
 517 02c4 E37AE5FE 		bleu	a4,a0,.L42
 112:src/MemoryAllocator.cpp ****         cur = cur->next;
 518              		.loc 1 112 40
 519 02c8 13050700 		mv	a0,a4
 520              	.LVL43:
 521 02cc 6FF0DFFE 		j	.L42
GAS LISTING /tmp/cc4C6qwf.s 			page 14


 522              	.LVL44:
 523              	.L44:
 108:src/MemoryAllocator.cpp ****     size_t curMax = freeHead->size;
 524              		.loc 1 108 27
 525 02d0 13050000 		li	a0,0
 526              	.L40:
 114:src/MemoryAllocator.cpp ****     }
 115:src/MemoryAllocator.cpp ****     return curMax;
 116:src/MemoryAllocator.cpp **** }
 527              		.loc 1 116 1
 528 02d4 03348100 		ld	s0,8(sp)
 529              		.cfi_restore 8
 530              		.cfi_def_cfa 2, 16
 531 02d8 13010101 		addi	sp,sp,16
 532              		.cfi_def_cfa_offset 0
 533 02dc 67800000 		jr	ra
 534              		.cfi_endproc
 535              	.LFE4:
 537              		.align	2
 538              		.globl	_ZN15MemoryAllocator16getTotalFreeSizeEv
 540              	_ZN15MemoryAllocator16getTotalFreeSizeEv:
 541              	.LFB5:
 117:src/MemoryAllocator.cpp **** 
 118:src/MemoryAllocator.cpp **** size_t MemoryAllocator::getTotalFreeSize() {
 542              		.loc 1 118 44 is_stmt 1
 543              		.cfi_startproc
 544 02e0 130101FF 		addi	sp,sp,-16
 545              		.cfi_def_cfa_offset 16
 546 02e4 23348100 		sd	s0,8(sp)
 547              		.cfi_offset 8, -8
 548 02e8 13040101 		addi	s0,sp,16
 549              		.cfi_def_cfa 8, 0
 119:src/MemoryAllocator.cpp ****     size_t total = 0;
 550              		.loc 1 119 5
 551              	.LVL45:
 120:src/MemoryAllocator.cpp ****     MemBlock* cur = freeHead;
 552              		.loc 1 120 5
 553              		.loc 1 120 15 is_stmt 0
 554 02ec 97070000 		ld	a5,.LANCHOR0
 554      83B70700 
 555              	.LVL46:
 119:src/MemoryAllocator.cpp ****     size_t total = 0;
 556              		.loc 1 119 12
 557 02f4 13050000 		li	a0,0
 558              	.LVL47:
 559              	.L49:
 121:src/MemoryAllocator.cpp ****     while (cur) {
 560              		.loc 1 121 5 is_stmt 1
 561              		.loc 1 121 12
 562 02f8 638A0700 		beqz	a5,.L47
 122:src/MemoryAllocator.cpp ****         total += cur->size;
 563              		.loc 1 122 9
 564              		.loc 1 122 23 is_stmt 0
 565 02fc 03B70700 		ld	a4,0(a5)
 566              		.loc 1 122 15
 567 0300 3305E500 		add	a0,a0,a4
 568              	.LVL48:
GAS LISTING /tmp/cc4C6qwf.s 			page 15


 123:src/MemoryAllocator.cpp ****         cur = cur->next;
 569              		.loc 1 123 9 is_stmt 1
 570              		.loc 1 123 13 is_stmt 0
 571 0304 83B78700 		ld	a5,8(a5)
 572              	.LVL49:
 121:src/MemoryAllocator.cpp ****     while (cur) {
 573              		.loc 1 121 5
 574 0308 6FF01FFF 		j	.L49
 575              	.L47:
 124:src/MemoryAllocator.cpp ****     }
 125:src/MemoryAllocator.cpp ****     return total;
 126:src/MemoryAllocator.cpp **** }
 576              		.loc 1 126 1
 577 030c 03348100 		ld	s0,8(sp)
 578              		.cfi_restore 8
 579              		.cfi_def_cfa 2, 16
 580 0310 13010101 		addi	sp,sp,16
 581              		.cfi_def_cfa_offset 0
 582 0314 67800000 		jr	ra
 583              		.cfi_endproc
 584              	.LFE5:
 586              		.globl	_ZN15MemoryAllocator8freeHeadE
 587              		.bss
 588              		.align	3
 589              		.set	.LANCHOR0,. + 0
 592              	_ZN15MemoryAllocator8freeHeadE:
 593 0000 00000000 		.zero	8
 593      00000000 
 594              		.text
 595              	.Letext0:
 596              		.file 2 "src/../h/../lib/hw.h"
 597              		.file 3 "src/../h/MemoryAllocator.hpp"
 598              		.file 4 "src/../h/syscall_c.h"
GAS LISTING /tmp/cc4C6qwf.s 			page 16


DEFINED SYMBOLS
                            *ABS*:0000000000000000 MemoryAllocator.cpp
     /tmp/cc4C6qwf.s:9      .text:0000000000000000 _ZN15MemoryAllocator12getAllocatorEv
     /tmp/cc4C6qwf.s:13     .text:0000000000000000 .L0 
     /tmp/cc4C6qwf.s:14     .text:0000000000000000 .L0 
     /tmp/cc4C6qwf.s:15     .text:0000000000000004 .L0 
     /tmp/cc4C6qwf.s:17     .text:0000000000000008 .L0 
     /tmp/cc4C6qwf.s:19     .text:000000000000000c .L0 
     /tmp/cc4C6qwf.s:21     .text:000000000000000c .L0 
     /tmp/cc4C6qwf.s:22     .text:000000000000000c .L0 
     /tmp/cc4C6qwf.s:26     .text:0000000000000020 .L0 
     /tmp/cc4C6qwf.s:27     .text:0000000000000020 .L0 
     /tmp/cc4C6qwf.s:29     .text:0000000000000024 .L0 
     /tmp/cc4C6qwf.s:31     .text:0000000000000028 .L0 
     /tmp/cc4C6qwf.s:32     .text:0000000000000028 .L0 
     /tmp/cc4C6qwf.s:35     .text:0000000000000034 .L0 
     /tmp/cc4C6qwf.s:37     .text:0000000000000038 .L0 
     /tmp/cc4C6qwf.s:39     .text:000000000000003c .L0 
     /tmp/cc4C6qwf.s:41     .text:0000000000000040 .L0 
     /tmp/cc4C6qwf.s:42     .text:0000000000000044 .L0 
     /tmp/cc4C6qwf.s:43     .text:0000000000000044 .L0 
     /tmp/cc4C6qwf.s:45     .text:0000000000000048 .L0 
     /tmp/cc4C6qwf.s:47     .text:000000000000004c .L0 
     /tmp/cc4C6qwf.s:53     .text:000000000000004c _ZN15MemoryAllocator10allocBlockEm
     /tmp/cc4C6qwf.s:56     .text:000000000000004c .L0 
     /tmp/cc4C6qwf.s:58     .text:000000000000004c .L0 
     /tmp/cc4C6qwf.s:59     .text:0000000000000050 .L0 
     /tmp/cc4C6qwf.s:61     .text:0000000000000054 .L0 
     /tmp/cc4C6qwf.s:63     .text:0000000000000058 .L0 
     /tmp/cc4C6qwf.s:65     .text:0000000000000058 .L0 
     /tmp/cc4C6qwf.s:68     .text:0000000000000060 .L0 
     /tmp/cc4C6qwf.s:69     .text:0000000000000060 .L0 
     /tmp/cc4C6qwf.s:71     .text:0000000000000064 .L0 
     /tmp/cc4C6qwf.s:73     .text:0000000000000068 .L0 
     /tmp/cc4C6qwf.s:75     .text:000000000000006c .L0 
     /tmp/cc4C6qwf.s:77     .text:0000000000000070 .L0 
     /tmp/cc4C6qwf.s:80     .text:0000000000000074 .L0 
     /tmp/cc4C6qwf.s:83     .text:000000000000007c .L0 
     /tmp/cc4C6qwf.s:87     .text:0000000000000080 .L0 
     /tmp/cc4C6qwf.s:88     .text:0000000000000080 .L0 
     /tmp/cc4C6qwf.s:91     .text:0000000000000088 .L0 
     /tmp/cc4C6qwf.s:92     .text:0000000000000088 .L0 
     /tmp/cc4C6qwf.s:93     .text:0000000000000088 .L0 
     /tmp/cc4C6qwf.s:95     .text:000000000000008c .L0 
     /tmp/cc4C6qwf.s:101    .text:0000000000000094 .L0 
     /tmp/cc4C6qwf.s:104    .text:0000000000000098 .L0 
     /tmp/cc4C6qwf.s:108    .text:000000000000009c .L0 
     /tmp/cc4C6qwf.s:109    .text:000000000000009c .L0 
     /tmp/cc4C6qwf.s:113    .text:00000000000000a0 .L0 
     /tmp/cc4C6qwf.s:114    .text:00000000000000a0 .L0 
     /tmp/cc4C6qwf.s:116    .text:00000000000000a4 .L0 
     /tmp/cc4C6qwf.s:117    .text:00000000000000a4 .L0 
     /tmp/cc4C6qwf.s:119    .text:00000000000000a8 .L0 
     /tmp/cc4C6qwf.s:121    .text:00000000000000ac .L0 
     /tmp/cc4C6qwf.s:123    .text:00000000000000b0 .L0 
     /tmp/cc4C6qwf.s:124    .text:00000000000000b0 .L0 
     /tmp/cc4C6qwf.s:126    .text:00000000000000b4 .L0 
GAS LISTING /tmp/cc4C6qwf.s 			page 17


     /tmp/cc4C6qwf.s:128    .text:00000000000000b8 .L0 
     /tmp/cc4C6qwf.s:134    .text:00000000000000c0 .L0 
     /tmp/cc4C6qwf.s:135    .text:00000000000000c0 .L0 
     /tmp/cc4C6qwf.s:138    .text:00000000000000c4 .L0 
     /tmp/cc4C6qwf.s:139    .text:00000000000000c4 .L0 
     /tmp/cc4C6qwf.s:141    .text:00000000000000c8 .L0 
     /tmp/cc4C6qwf.s:143    .text:00000000000000cc .L0 
     /tmp/cc4C6qwf.s:145    .text:00000000000000d0 .L0 
     /tmp/cc4C6qwf.s:149    .text:00000000000000d8 .L0 
     /tmp/cc4C6qwf.s:150    .text:00000000000000d8 .L0 
     /tmp/cc4C6qwf.s:152    .text:00000000000000dc .L0 
     /tmp/cc4C6qwf.s:154    .text:00000000000000e0 .L0 
     /tmp/cc4C6qwf.s:155    .text:00000000000000e0 .L0 
     /tmp/cc4C6qwf.s:157    .text:00000000000000e4 .L0 
     /tmp/cc4C6qwf.s:160    .text:00000000000000e8 .L0 
     /tmp/cc4C6qwf.s:161    .text:00000000000000e8 .L0 
     /tmp/cc4C6qwf.s:163    .text:00000000000000ec .L0 
     /tmp/cc4C6qwf.s:165    .text:00000000000000f0 .L0 
     /tmp/cc4C6qwf.s:166    .text:00000000000000f0 .L0 
     /tmp/cc4C6qwf.s:168    .text:00000000000000f4 .L0 
     /tmp/cc4C6qwf.s:171    .text:00000000000000f8 .L0 
     /tmp/cc4C6qwf.s:172    .text:00000000000000f8 .L0 
     /tmp/cc4C6qwf.s:177    .text:00000000000000fc .L0 
     /tmp/cc4C6qwf.s:178    .text:0000000000000100 .L0 
     /tmp/cc4C6qwf.s:179    .text:0000000000000100 .L0 
     /tmp/cc4C6qwf.s:180    .text:0000000000000100 .L0 
     /tmp/cc4C6qwf.s:182    .text:0000000000000104 .L0 
     /tmp/cc4C6qwf.s:186    .text:0000000000000108 .L0 
     /tmp/cc4C6qwf.s:189    .text:0000000000000108 .L0 
     /tmp/cc4C6qwf.s:190    .text:0000000000000108 .L0 
     /tmp/cc4C6qwf.s:192    .text:000000000000010c .L0 
     /tmp/cc4C6qwf.s:197    .text:0000000000000118 .L0 
     /tmp/cc4C6qwf.s:198    .text:0000000000000118 .L0 
     /tmp/cc4C6qwf.s:200    .text:000000000000011c .L0 
     /tmp/cc4C6qwf.s:203    .text:0000000000000120 .L0 
     /tmp/cc4C6qwf.s:204    .text:0000000000000120 .L0 
     /tmp/cc4C6qwf.s:206    .text:0000000000000124 .L0 
     /tmp/cc4C6qwf.s:208    .text:0000000000000128 .L0 
     /tmp/cc4C6qwf.s:209    .text:0000000000000128 .L0 
     /tmp/cc4C6qwf.s:211    .text:000000000000012c .L0 
     /tmp/cc4C6qwf.s:213    .text:0000000000000130 .L0 
     /tmp/cc4C6qwf.s:214    .text:0000000000000130 .L0 
     /tmp/cc4C6qwf.s:216    .text:0000000000000134 .L0 
     /tmp/cc4C6qwf.s:218    .text:0000000000000138 .L0 
     /tmp/cc4C6qwf.s:219    .text:0000000000000138 .L0 
     /tmp/cc4C6qwf.s:221    .text:000000000000013c .L0 
     /tmp/cc4C6qwf.s:223    .text:0000000000000140 .L0 
     /tmp/cc4C6qwf.s:224    .text:0000000000000140 .L0 
     /tmp/cc4C6qwf.s:227    .text:0000000000000144 .L0 
     /tmp/cc4C6qwf.s:228    .text:0000000000000144 .L0 
     /tmp/cc4C6qwf.s:230    .text:0000000000000148 .L0 
     /tmp/cc4C6qwf.s:232    .text:000000000000014c .L0 
     /tmp/cc4C6qwf.s:233    .text:000000000000014c .L0 
     /tmp/cc4C6qwf.s:236    .text:0000000000000150 .L0 
     /tmp/cc4C6qwf.s:237    .text:0000000000000150 .L0 
     /tmp/cc4C6qwf.s:239    .text:0000000000000154 .L0 
     /tmp/cc4C6qwf.s:240    .text:0000000000000154 .L0 
GAS LISTING /tmp/cc4C6qwf.s 			page 18


     /tmp/cc4C6qwf.s:246    .text:000000000000015c .L0 
     /tmp/cc4C6qwf.s:247    .text:000000000000015c .L0 
     /tmp/cc4C6qwf.s:254    .text:0000000000000168 .L0 
     /tmp/cc4C6qwf.s:257    .text:0000000000000170 .L0 
     /tmp/cc4C6qwf.s:263    .text:0000000000000170 _ZN15MemoryAllocator10tryToMergeEPNS_8MemBlockE
     /tmp/cc4C6qwf.s:266    .text:0000000000000170 .L0 
     /tmp/cc4C6qwf.s:268    .text:0000000000000170 .L0 
     /tmp/cc4C6qwf.s:269    .text:0000000000000174 .L0 
     /tmp/cc4C6qwf.s:271    .text:0000000000000178 .L0 
     /tmp/cc4C6qwf.s:273    .text:000000000000017c .L0 
     /tmp/cc4C6qwf.s:275    .text:000000000000017c .L0 
     /tmp/cc4C6qwf.s:278    .text:0000000000000180 .L0 
     /tmp/cc4C6qwf.s:279    .text:0000000000000180 .L0 
     /tmp/cc4C6qwf.s:281    .text:0000000000000184 .L0 
     /tmp/cc4C6qwf.s:283    .text:0000000000000188 .L0 
     /tmp/cc4C6qwf.s:285    .text:000000000000018c .L0 
     /tmp/cc4C6qwf.s:288    .text:0000000000000194 .L0 
     /tmp/cc4C6qwf.s:292    .text:0000000000000198 .L0 
     /tmp/cc4C6qwf.s:293    .text:000000000000019c .L0 
     /tmp/cc4C6qwf.s:294    .text:000000000000019c .L0 
     /tmp/cc4C6qwf.s:295    .text:000000000000019c .L0 
     /tmp/cc4C6qwf.s:297    .text:00000000000001a0 .L0 
     /tmp/cc4C6qwf.s:300    .text:00000000000001a4 .L0 
     /tmp/cc4C6qwf.s:305    .text:00000000000001a4 .L0 
     /tmp/cc4C6qwf.s:306    .text:00000000000001a4 .L0 
     /tmp/cc4C6qwf.s:307    .text:00000000000001a4 .L0 
     /tmp/cc4C6qwf.s:309    .text:00000000000001a8 .L0 
     /tmp/cc4C6qwf.s:313    .text:00000000000001b4 .L0 
     /tmp/cc4C6qwf.s:314    .text:00000000000001b4 .L0 
     /tmp/cc4C6qwf.s:316    .text:00000000000001b8 .L0 
     /tmp/cc4C6qwf.s:318    .text:00000000000001bc .L0 
     /tmp/cc4C6qwf.s:319    .text:00000000000001bc .L0 
     /tmp/cc4C6qwf.s:322    .text:00000000000001c0 .L0 
     /tmp/cc4C6qwf.s:324    .text:00000000000001c4 .L0 
     /tmp/cc4C6qwf.s:325    .text:00000000000001c4 .L0 
     /tmp/cc4C6qwf.s:329    .text:00000000000001cc .L0 
     /tmp/cc4C6qwf.s:335    .text:00000000000001cc _ZN15MemoryAllocator9freeBlockEPv
     /tmp/cc4C6qwf.s:338    .text:00000000000001cc .L0 
     /tmp/cc4C6qwf.s:340    .text:00000000000001cc .L0 
     /tmp/cc4C6qwf.s:341    .text:00000000000001cc .L0 
     /tmp/cc4C6qwf.s:343    .text:00000000000001d0 .L0 
     /tmp/cc4C6qwf.s:344    .text:00000000000001d4 .L0 
     /tmp/cc4C6qwf.s:348    .text:00000000000001e0 .L0 
     /tmp/cc4C6qwf.s:349    .text:00000000000001e0 .L0 
     /tmp/cc4C6qwf.s:350    .text:00000000000001e0 .L0 
     /tmp/cc4C6qwf.s:352    .text:00000000000001e4 .L0 
     /tmp/cc4C6qwf.s:355    .text:00000000000001e8 .L0 
     /tmp/cc4C6qwf.s:356    .text:00000000000001e8 .L0 
     /tmp/cc4C6qwf.s:359    .text:00000000000001ec .L0 
     /tmp/cc4C6qwf.s:360    .text:00000000000001ec .L0 
     /tmp/cc4C6qwf.s:363    .text:00000000000001f8 .L0 
     /tmp/cc4C6qwf.s:365    .text:00000000000001fc .L0 
     /tmp/cc4C6qwf.s:368    .text:0000000000000208 .L0 
     /tmp/cc4C6qwf.s:370    .text:000000000000020c .L0 
     /tmp/cc4C6qwf.s:371    .text:000000000000020c .L0 
     /tmp/cc4C6qwf.s:374    .text:0000000000000214 .L0 
     /tmp/cc4C6qwf.s:375    .text:0000000000000214 .L0 
GAS LISTING /tmp/cc4C6qwf.s 			page 19


     /tmp/cc4C6qwf.s:379    .text:0000000000000218 .L0 
     /tmp/cc4C6qwf.s:380    .text:0000000000000218 .L0 
     /tmp/cc4C6qwf.s:382    .text:000000000000021c .L0 
     /tmp/cc4C6qwf.s:385    .text:0000000000000220 .L0 
     /tmp/cc4C6qwf.s:386    .text:0000000000000220 .L0 
     /tmp/cc4C6qwf.s:387    .text:0000000000000220 .L0 
     /tmp/cc4C6qwf.s:389    .text:0000000000000224 .L0 
     /tmp/cc4C6qwf.s:392    .text:0000000000000228 .L0 
     /tmp/cc4C6qwf.s:395    .text:000000000000022c .L0 
     /tmp/cc4C6qwf.s:396    .text:000000000000022c .L0 
     /tmp/cc4C6qwf.s:398    .text:0000000000000230 .L0 
     /tmp/cc4C6qwf.s:399    .text:0000000000000230 .L0 
     /tmp/cc4C6qwf.s:401    .text:0000000000000234 .L0 
     /tmp/cc4C6qwf.s:403    .text:0000000000000238 .L0 
     /tmp/cc4C6qwf.s:404    .text:0000000000000238 .L0 
     /tmp/cc4C6qwf.s:407    .text:000000000000023c .L0 
     /tmp/cc4C6qwf.s:409    .text:0000000000000240 .L0 
     /tmp/cc4C6qwf.s:410    .text:0000000000000240 .L0 
     /tmp/cc4C6qwf.s:414    .text:0000000000000244 .L0 
     /tmp/cc4C6qwf.s:415    .text:0000000000000244 .L0 
     /tmp/cc4C6qwf.s:418    .text:000000000000024c .L0 
     /tmp/cc4C6qwf.s:419    .text:000000000000024c .L0 
     /tmp/cc4C6qwf.s:423    .text:0000000000000258 .L0 
     /tmp/cc4C6qwf.s:424    .text:0000000000000258 .L0 
     /tmp/cc4C6qwf.s:427    .text:000000000000025c .L0 
     /tmp/cc4C6qwf.s:428    .text:0000000000000260 .L0 
     /tmp/cc4C6qwf.s:429    .text:0000000000000260 .L0 
     /tmp/cc4C6qwf.s:431    .text:0000000000000264 .L0 
     /tmp/cc4C6qwf.s:432    .text:0000000000000264 .L0 
     /tmp/cc4C6qwf.s:434    .text:0000000000000268 .L0 
     /tmp/cc4C6qwf.s:437    .text:000000000000026c .L0 
     /tmp/cc4C6qwf.s:441    .text:0000000000000270 .L0 
     /tmp/cc4C6qwf.s:443    .text:0000000000000270 .L0 
     /tmp/cc4C6qwf.s:444    .text:0000000000000270 .L0 
     /tmp/cc4C6qwf.s:449    .text:000000000000027c .L0 
     /tmp/cc4C6qwf.s:450    .text:000000000000027c .L0 
     /tmp/cc4C6qwf.s:451    .text:000000000000027c .L0 
     /tmp/cc4C6qwf.s:452    .text:000000000000027c .L0 
     /tmp/cc4C6qwf.s:454    .text:000000000000027c .L0 
     /tmp/cc4C6qwf.s:457    .text:0000000000000280 .L0 
     /tmp/cc4C6qwf.s:460    .text:0000000000000284 .L0 
     /tmp/cc4C6qwf.s:461    .text:0000000000000284 .L0 
     /tmp/cc4C6qwf.s:462    .text:0000000000000284 .L0 
     /tmp/cc4C6qwf.s:463    .text:0000000000000284 .L0 
     /tmp/cc4C6qwf.s:465    .text:0000000000000284 .L0 
     /tmp/cc4C6qwf.s:473    .text:0000000000000294 .L0 
     /tmp/cc4C6qwf.s:479    .text:0000000000000294 _ZN15MemoryAllocator15getLargestBlockEv
     /tmp/cc4C6qwf.s:482    .text:0000000000000294 .L0 
     /tmp/cc4C6qwf.s:483    .text:0000000000000294 .L0 
     /tmp/cc4C6qwf.s:484    .text:0000000000000298 .L0 
     /tmp/cc4C6qwf.s:486    .text:000000000000029c .L0 
     /tmp/cc4C6qwf.s:488    .text:00000000000002a0 .L0 
     /tmp/cc4C6qwf.s:490    .text:00000000000002a0 .L0 
     /tmp/cc4C6qwf.s:491    .text:00000000000002a0 .L0 
     /tmp/cc4C6qwf.s:493    .text:00000000000002a8 .L0 
     /tmp/cc4C6qwf.s:495    .text:00000000000002ac .L0 
     /tmp/cc4C6qwf.s:496    .text:00000000000002ac .L0 
GAS LISTING /tmp/cc4C6qwf.s 			page 20


     /tmp/cc4C6qwf.s:499    .text:00000000000002b0 .L0 
     /tmp/cc4C6qwf.s:500    .text:00000000000002b0 .L0 
     /tmp/cc4C6qwf.s:506    .text:00000000000002b8 .L0 
     /tmp/cc4C6qwf.s:507    .text:00000000000002b8 .L0 
     /tmp/cc4C6qwf.s:511    .text:00000000000002bc .L0 
     /tmp/cc4C6qwf.s:512    .text:00000000000002bc .L0 
     /tmp/cc4C6qwf.s:514    .text:00000000000002c0 .L0 
     /tmp/cc4C6qwf.s:515    .text:00000000000002c0 .L0 
     /tmp/cc4C6qwf.s:517    .text:00000000000002c4 .L0 
     /tmp/cc4C6qwf.s:519    .text:00000000000002c8 .L0 
     /tmp/cc4C6qwf.s:525    .text:00000000000002d0 .L0 
     /tmp/cc4C6qwf.s:528    .text:00000000000002d4 .L0 
     /tmp/cc4C6qwf.s:529    .text:00000000000002d8 .L0 
     /tmp/cc4C6qwf.s:530    .text:00000000000002d8 .L0 
     /tmp/cc4C6qwf.s:532    .text:00000000000002dc .L0 
     /tmp/cc4C6qwf.s:534    .text:00000000000002e0 .L0 
     /tmp/cc4C6qwf.s:540    .text:00000000000002e0 _ZN15MemoryAllocator16getTotalFreeSizeEv
     /tmp/cc4C6qwf.s:543    .text:00000000000002e0 .L0 
     /tmp/cc4C6qwf.s:544    .text:00000000000002e0 .L0 
     /tmp/cc4C6qwf.s:545    .text:00000000000002e4 .L0 
     /tmp/cc4C6qwf.s:547    .text:00000000000002e8 .L0 
     /tmp/cc4C6qwf.s:549    .text:00000000000002ec .L0 
     /tmp/cc4C6qwf.s:552    .text:00000000000002ec .L0 
     /tmp/cc4C6qwf.s:553    .text:00000000000002ec .L0 
     /tmp/cc4C6qwf.s:554    .text:00000000000002ec .L0 
     /tmp/cc4C6qwf.s:557    .text:00000000000002f4 .L0 
     /tmp/cc4C6qwf.s:561    .text:00000000000002f8 .L0 
     /tmp/cc4C6qwf.s:562    .text:00000000000002f8 .L0 
     /tmp/cc4C6qwf.s:564    .text:00000000000002fc .L0 
     /tmp/cc4C6qwf.s:565    .text:00000000000002fc .L0 
     /tmp/cc4C6qwf.s:567    .text:0000000000000300 .L0 
     /tmp/cc4C6qwf.s:570    .text:0000000000000304 .L0 
     /tmp/cc4C6qwf.s:571    .text:0000000000000304 .L0 
     /tmp/cc4C6qwf.s:574    .text:0000000000000308 .L0 
     /tmp/cc4C6qwf.s:577    .text:000000000000030c .L0 
     /tmp/cc4C6qwf.s:578    .text:0000000000000310 .L0 
     /tmp/cc4C6qwf.s:579    .text:0000000000000310 .L0 
     /tmp/cc4C6qwf.s:581    .text:0000000000000314 .L0 
     /tmp/cc4C6qwf.s:583    .text:0000000000000318 .L0 
     /tmp/cc4C6qwf.s:592    .bss:0000000000000000 _ZN15MemoryAllocator8freeHeadE
     /tmp/cc4C6qwf.s:589    .bss:0000000000000000 .LANCHOR0
     /tmp/cc4C6qwf.s:599    .text:0000000000000318 .L0 
     /tmp/cc4C6qwf.s:22     .text:000000000000000c .L0 
     /tmp/cc4C6qwf.s:24     .text:0000000000000018 .L0 
     /tmp/cc4C6qwf.s:32     .text:0000000000000028 .L0 
     /tmp/cc4C6qwf.s:88     .text:0000000000000080 .L0 
     /tmp/cc4C6qwf.s:192    .text:000000000000010c .L0 
     /tmp/cc4C6qwf.s:247    .text:000000000000015c .L0 
     /tmp/cc4C6qwf.s:360    .text:00000000000001ec .L0 
     /tmp/cc4C6qwf.s:365    .text:00000000000001fc .L0 
     /tmp/cc4C6qwf.s:371    .text:000000000000020c .L0 
     /tmp/cc4C6qwf.s:444    .text:0000000000000270 .L0 
     /tmp/cc4C6qwf.s:491    .text:00000000000002a0 .L0 
     /tmp/cc4C6qwf.s:554    .text:00000000000002ec .L0 
     /tmp/cc4C6qwf.s:250    .text:0000000000000168 .L17
     /tmp/cc4C6qwf.s:85     .text:0000000000000080 .L5
     /tmp/cc4C6qwf.s:111    .text:00000000000000a0 .L8
GAS LISTING /tmp/cc4C6qwf.s 			page 21


     /tmp/cc4C6qwf.s:132    .text:00000000000000c0 .L6
     /tmp/cc4C6qwf.s:106    .text:000000000000009c .L7
     /tmp/cc4C6qwf.s:99     .text:0000000000000094 .L19
     /tmp/cc4C6qwf.s:174    .text:00000000000000fc .L3
     /tmp/cc4C6qwf.s:147    .text:00000000000000d8 .L9
     /tmp/cc4C6qwf.s:194    .text:0000000000000118 .L10
     /tmp/cc4C6qwf.s:158    .text:00000000000000e8 .L11
     /tmp/cc4C6qwf.s:185    .text:0000000000000108 .L12
     /tmp/cc4C6qwf.s:169    .text:00000000000000f8 .L13
     /tmp/cc4C6qwf.s:225    .text:0000000000000144 .L14
     /tmp/cc4C6qwf.s:244    .text:000000000000015c .L15
     /tmp/cc4C6qwf.s:234    .text:0000000000000150 .L16
     /tmp/cc4C6qwf.s:289    .text:0000000000000198 .L22
     /tmp/cc4C6qwf.s:299    .text:00000000000001a4 .L25
     /tmp/cc4C6qwf.s:448    .text:000000000000027c .L33
     /tmp/cc4C6qwf.s:459    .text:0000000000000284 .L34
     /tmp/cc4C6qwf.s:469    .text:000000000000028c .L35
     /tmp/cc4C6qwf.s:393    .text:000000000000022c .L28
     /tmp/cc4C6qwf.s:377    .text:0000000000000218 .L29
     /tmp/cc4C6qwf.s:405    .text:000000000000023c .L30
     /tmp/cc4C6qwf.s:440    .text:0000000000000270 .L31
     /tmp/cc4C6qwf.s:412    .text:0000000000000244 .L32
     /tmp/cc4C6qwf.s:425    .text:000000000000025c .L27
     /tmp/cc4C6qwf.s:523    .text:00000000000002d0 .L44
     /tmp/cc4C6qwf.s:509    .text:00000000000002bc .L43
     /tmp/cc4C6qwf.s:526    .text:00000000000002d4 .L40
     /tmp/cc4C6qwf.s:504    .text:00000000000002b8 .L42
     /tmp/cc4C6qwf.s:575    .text:000000000000030c .L47
     /tmp/cc4C6qwf.s:559    .text:00000000000002f8 .L49
     /tmp/cc4C6qwf.s:1043   .debug_abbrev:0000000000000000 .Ldebug_abbrev0
     /tmp/cc4C6qwf.s:1923   .debug_str:000000000000014a .LASF34
     /tmp/cc4C6qwf.s:1935   .debug_str:0000000000000270 .LASF35
     /tmp/cc4C6qwf.s:1943   .debug_str:00000000000002c1 .LASF36
     /tmp/cc4C6qwf.s:5      .text:0000000000000000 .Ltext0
     /tmp/cc4C6qwf.s:595    .text:0000000000000318 .Letext0
     /tmp/cc4C6qwf.s:1873   .debug_line:0000000000000000 .Ldebug_line0
     /tmp/cc4C6qwf.s:1927   .debug_str:0000000000000233 .LASF0
     /tmp/cc4C6qwf.s:1915   .debug_str:0000000000000113 .LASF1
     /tmp/cc4C6qwf.s:1911   .debug_str:00000000000000f3 .LASF2
     /tmp/cc4C6qwf.s:1891   .debug_str:0000000000000059 .LASF4
     /tmp/cc4C6qwf.s:1913   .debug_str:0000000000000101 .LASF3
     /tmp/cc4C6qwf.s:1883   .debug_str:0000000000000035 .LASF5
     /tmp/cc4C6qwf.s:1877   .debug_str:0000000000000007 .LASF6
     /tmp/cc4C6qwf.s:1907   .debug_str:00000000000000d1 .LASF7
     /tmp/cc4C6qwf.s:1931   .debug_str:000000000000024a .LASF8
     /tmp/cc4C6qwf.s:1889   .debug_str:000000000000004b .LASF9
     /tmp/cc4C6qwf.s:1963   .debug_str:00000000000003b0 .LASF10
     /tmp/cc4C6qwf.s:1909   .debug_str:00000000000000e4 .LASF11
     /tmp/cc4C6qwf.s:1953   .debug_str:0000000000000365 .LASF12
     /tmp/cc4C6qwf.s:1937   .debug_str:0000000000000288 .LASF13
     /tmp/cc4C6qwf.s:1917   .debug_str:0000000000000126 .LASF14
     /tmp/cc4C6qwf.s:1899   .debug_str:0000000000000084 .LASF15
     /tmp/cc4C6qwf.s:1933   .debug_str:000000000000025a .LASF16
     /tmp/cc4C6qwf.s:1881   .debug_str:0000000000000025 .LASF37
     /tmp/cc4C6qwf.s:1955   .debug_str:0000000000000375 .LASF38
     /tmp/cc4C6qwf.s:1959   .debug_str:00000000000003a6 .LASF17
     /tmp/cc4C6qwf.s:1885   .debug_str:000000000000003c .LASF18
GAS LISTING /tmp/cc4C6qwf.s 			page 22


     /tmp/cc4C6qwf.s:1961   .debug_str:00000000000003ab .LASF19
     /tmp/cc4C6qwf.s:1895   .debug_str:0000000000000071 .LASF39
     /tmp/cc4C6qwf.s:1919   .debug_str:0000000000000132 .LASF40
     /tmp/cc4C6qwf.s:1951   .debug_str:0000000000000335 .LASF41
     /tmp/cc4C6qwf.s:1921   .debug_str:000000000000013d .LASF42
     /tmp/cc4C6qwf.s:1925   .debug_str:000000000000020e .LASF43
     /tmp/cc4C6qwf.s:1879   .debug_str:000000000000001a .LASF20
     /tmp/cc4C6qwf.s:1939   .debug_str:0000000000000298 .LASF22
     /tmp/cc4C6qwf.s:1897   .debug_str:000000000000007a .LASF21
     /tmp/cc4C6qwf.s:1947   .debug_str:000000000000030d .LASF23
     /tmp/cc4C6qwf.s:1905   .debug_str:00000000000000c1 .LASF24
     /tmp/cc4C6qwf.s:1957   .debug_str:000000000000037e .LASF26
     /tmp/cc4C6qwf.s:1893   .debug_str:0000000000000060 .LASF25
     /tmp/cc4C6qwf.s:1945   .debug_str:00000000000002e4 .LASF27
     /tmp/cc4C6qwf.s:1903   .debug_str:00000000000000a2 .LASF44
     /tmp/cc4C6qwf.s:541    .text:00000000000002e0 .LFB5
     /tmp/cc4C6qwf.s:584    .text:0000000000000318 .LFE5
     /tmp/cc4C6qwf.s:1949   .debug_str:000000000000032f .LASF28
     /tmp/cc4C6qwf.s:1574   .debug_loc:0000000000000000 .LLST13
     /tmp/cc4C6qwf.s:480    .text:0000000000000294 .LFB4
     /tmp/cc4C6qwf.s:535    .text:00000000000002e0 .LFE4
     /tmp/cc4C6qwf.s:1875   .debug_str:0000000000000000 .LASF29
     /tmp/cc4C6qwf.s:1586   .debug_loc:0000000000000037 .LLST11
     /tmp/cc4C6qwf.s:1593   .debug_loc:000000000000005a .LLST12
     /tmp/cc4C6qwf.s:264    .text:0000000000000170 .LFB3
     /tmp/cc4C6qwf.s:330    .text:00000000000001cc .LFE3
     /tmp/cc4C6qwf.s:302    .text:00000000000001a4 .LBB6
     /tmp/cc4C6qwf.s:327    .text:00000000000001cc .LBE6
     /tmp/cc4C6qwf.s:1887   .debug_str:0000000000000041 .LASF30
     /tmp/cc4C6qwf.s:1600   .debug_loc:000000000000007d .LLST6
     /tmp/cc4C6qwf.s:336    .text:00000000000001cc .LFB2
     /tmp/cc4C6qwf.s:474    .text:0000000000000294 .LFE2
     /tmp/cc4C6qwf.s:1607   .debug_loc:00000000000000a0 .LLST7
     /tmp/cc4C6qwf.s:1644   .debug_loc:000000000000013b .LLST8
     /tmp/cc4C6qwf.s:1690   .debug_loc:00000000000001ee .LLST9
     /tmp/cc4C6qwf.s:1710   .debug_loc:000000000000024b .LLST10
     /tmp/cc4C6qwf.s:416    .text:000000000000024c .LVL28
     /tmp/cc4C6qwf.s:421    .text:0000000000000258 .LVL29
     /tmp/cc4C6qwf.s:54     .text:000000000000004c .LFB1
     /tmp/cc4C6qwf.s:258    .text:0000000000000170 .LFE1
     /tmp/cc4C6qwf.s:1734   .debug_loc:00000000000002bb .LLST0
     /tmp/cc4C6qwf.s:1767   .debug_loc:0000000000000343 .LLST1
     /tmp/cc4C6qwf.s:1778   .debug_loc:0000000000000379 .LLST2
     /tmp/cc4C6qwf.s:1929   .debug_str:0000000000000240 .LASF31
     /tmp/cc4C6qwf.s:1803   .debug_loc:00000000000003ea .LLST3
     /tmp/cc4C6qwf.s:1941   .debug_str:00000000000002bb .LASF32
     /tmp/cc4C6qwf.s:1837   .debug_loc:0000000000000482 .LLST4
     /tmp/cc4C6qwf.s:195    .text:0000000000000118 .LBB3
     /tmp/cc4C6qwf.s:251    .text:0000000000000168 .LBE3
     /tmp/cc4C6qwf.s:1901   .debug_str:000000000000009a .LASF33
     /tmp/cc4C6qwf.s:1853   .debug_loc:00000000000004cc .LLST5
     /tmp/cc4C6qwf.s:10     .text:0000000000000000 .LFB0
     /tmp/cc4C6qwf.s:48     .text:000000000000004c .LFE0
     /tmp/cc4C6qwf.s:551    .text:00000000000002ec .LVL45
     /tmp/cc4C6qwf.s:558    .text:00000000000002f8 .LVL47
     /tmp/cc4C6qwf.s:497    .text:00000000000002b0 .LVL39
     /tmp/cc4C6qwf.s:520    .text:00000000000002cc .LVL43
GAS LISTING /tmp/cc4C6qwf.s 			page 23


     /tmp/cc4C6qwf.s:501    .text:00000000000002b4 .LVL40
     /tmp/cc4C6qwf.s:522    .text:00000000000002d0 .LVL44
     /tmp/cc4C6qwf.s:304    .text:00000000000001a4 .LVL19
     /tmp/cc4C6qwf.s:320    .text:00000000000001c0 .LVL20
     /tmp/cc4C6qwf.s:339    .text:00000000000001cc .LVL21
     /tmp/cc4C6qwf.s:357    .text:00000000000001ec .LVL22
     /tmp/cc4C6qwf.s:435    .text:0000000000000268 .LVL30
     /tmp/cc4C6qwf.s:439    .text:0000000000000270 .LVL31
     /tmp/cc4C6qwf.s:447    .text:000000000000027c .LVL33
     /tmp/cc4C6qwf.s:455    .text:0000000000000280 .LVL34
     /tmp/cc4C6qwf.s:458    .text:0000000000000284 .LVL35
     /tmp/cc4C6qwf.s:466    .text:0000000000000288 .LVL36
     /tmp/cc4C6qwf.s:468    .text:000000000000028c .LVL37
     /tmp/cc4C6qwf.s:471    .text:0000000000000290 .LVL38
     /tmp/cc4C6qwf.s:372    .text:0000000000000214 .LVL23
     /tmp/cc4C6qwf.s:384    .text:0000000000000220 .LVL25
     /tmp/cc4C6qwf.s:390    .text:0000000000000228 .LVL26
     /tmp/cc4C6qwf.s:411    .text:0000000000000244 .LVL27
     /tmp/cc4C6qwf.s:445    .text:0000000000000278 .LVL32
     /tmp/cc4C6qwf.s:376    .text:0000000000000218 .LVL24
     /tmp/cc4C6qwf.s:57     .text:000000000000004c .LVL0
     /tmp/cc4C6qwf.s:96     .text:0000000000000090 .LVL4
     /tmp/cc4C6qwf.s:173    .text:00000000000000fc .LVL11
     /tmp/cc4C6qwf.s:184    .text:0000000000000108 .LVL12
     /tmp/cc4C6qwf.s:249    .text:0000000000000168 .LVL16
     /tmp/cc4C6qwf.s:255    .text:000000000000016c .LVL17
     /tmp/cc4C6qwf.s:78     .text:0000000000000074 .LVL1
     /tmp/cc4C6qwf.s:89     .text:0000000000000088 .LVL3
     /tmp/cc4C6qwf.s:131    .text:00000000000000c0 .LVL10
     /tmp/cc4C6qwf.s:241    .text:0000000000000158 .LVL14
     /tmp/cc4C6qwf.s:243    .text:000000000000015c .LVL15
     /tmp/cc4C6qwf.s:98     .text:0000000000000094 .LVL5
     /tmp/cc4C6qwf.s:102    .text:0000000000000098 .LVL6
     /tmp/cc4C6qwf.s:105    .text:000000000000009c .LVL7
     /tmp/cc4C6qwf.s:129    .text:00000000000000bc .LVL9
     /tmp/cc4C6qwf.s:201    .text:0000000000000120 .LVL13
     /tmp/cc4C6qwf.s:600    .debug_info:0000000000000000 .Ldebug_info0

UNDEFINED SYMBOLS
HEAP_START_ADDR
HEAP_END_ADDR
