GAS LISTING /tmp/cc8HdyHx.s 			page 1


   1              		.file	"syscall_cpp.cpp"
   2              		.option pic
   3              		.option norelax
   4              		.text
   5              	.Ltext0:
   6              		.section	.text._ZN6Thread3runEv,"axG",@progbits,_ZN6Thread3runEv,comdat
   7              		.align	2
   8              		.weak	_ZN6Thread3runEv
  10              	_ZN6Thread3runEv:
  11              	.LFB0:
  12              		.file 1 "src/../h/syscall_cpp.hpp"
   1:src/../h/syscall_cpp.hpp **** #ifndef SYSCALL_CPP_HPP
   2:src/../h/syscall_cpp.hpp **** #define SYSCALL_CPP_HPP
   3:src/../h/syscall_cpp.hpp **** #include "syscall_c.h"
   4:src/../h/syscall_cpp.hpp **** 
   5:src/../h/syscall_cpp.hpp **** 
   6:src/../h/syscall_cpp.hpp **** //class Thread
   7:src/../h/syscall_cpp.hpp **** class Thread {
   8:src/../h/syscall_cpp.hpp **** public:
   9:src/../h/syscall_cpp.hpp ****     Thread (void (*body)(void*), void* arg);
  10:src/../h/syscall_cpp.hpp ****     virtual ~Thread ();
  11:src/../h/syscall_cpp.hpp **** 
  12:src/../h/syscall_cpp.hpp ****     int start ();
  13:src/../h/syscall_cpp.hpp **** 
  14:src/../h/syscall_cpp.hpp ****     static void dispatch ();
  15:src/../h/syscall_cpp.hpp ****     static int sleep (time_t);
  16:src/../h/syscall_cpp.hpp **** protected:
  17:src/../h/syscall_cpp.hpp ****     Thread ();
  18:src/../h/syscall_cpp.hpp ****     virtual void run (){}
  13              		.loc 1 18 18
  14              		.cfi_startproc
  15              	.LVL0:
  16 0000 130101FF 		addi	sp,sp,-16
  17              		.cfi_def_cfa_offset 16
  18 0004 23348100 		sd	s0,8(sp)
  19              		.cfi_offset 8, -8
  20 0008 13040101 		addi	s0,sp,16
  21              		.cfi_def_cfa 8, 0
  22              		.loc 1 18 25 is_stmt 0
  23 000c 03348100 		ld	s0,8(sp)
  24              		.cfi_restore 8
  25              		.cfi_def_cfa 2, 16
  26 0010 13010101 		addi	sp,sp,16
  27              		.cfi_def_cfa_offset 0
  28 0014 67800000 		jr	ra
  29              		.cfi_endproc
  30              	.LFE0:
  32              		.section	.text._ZN14PeriodicThread18periodicActivationEv,"axG",@progbits,_ZN14PeriodicThread18peri
  33              		.align	2
  34              		.weak	_ZN14PeriodicThread18periodicActivationEv
  36              	_ZN14PeriodicThread18periodicActivationEv:
  37              	.LFB1:
  19:src/../h/syscall_cpp.hpp **** private:
  20:src/../h/syscall_cpp.hpp ****     thread_t myHandle;
  21:src/../h/syscall_cpp.hpp ****     void (*body)(void*);
  22:src/../h/syscall_cpp.hpp ****     void* arg;
  23:src/../h/syscall_cpp.hpp ****     static void wrapper(void* t);
GAS LISTING /tmp/cc8HdyHx.s 			page 2


  24:src/../h/syscall_cpp.hpp **** };
  25:src/../h/syscall_cpp.hpp **** 
  26:src/../h/syscall_cpp.hpp **** //class Semaphore
  27:src/../h/syscall_cpp.hpp **** class Semaphore {
  28:src/../h/syscall_cpp.hpp **** public:
  29:src/../h/syscall_cpp.hpp ****     Semaphore (unsigned init = 1);
  30:src/../h/syscall_cpp.hpp ****     virtual ~Semaphore ();
  31:src/../h/syscall_cpp.hpp **** 
  32:src/../h/syscall_cpp.hpp ****     int wait ();
  33:src/../h/syscall_cpp.hpp ****     int signal ();
  34:src/../h/syscall_cpp.hpp **** 
  35:src/../h/syscall_cpp.hpp **** private:
  36:src/../h/syscall_cpp.hpp ****     sem_t myHandle;
  37:src/../h/syscall_cpp.hpp **** };
  38:src/../h/syscall_cpp.hpp **** 
  39:src/../h/syscall_cpp.hpp **** //class PeriodicThread - derived from Thread
  40:src/../h/syscall_cpp.hpp **** class PeriodicThread : public Thread {
  41:src/../h/syscall_cpp.hpp **** public:
  42:src/../h/syscall_cpp.hpp ****     void terminate ();
  43:src/../h/syscall_cpp.hpp ****     virtual ~PeriodicThread();
  44:src/../h/syscall_cpp.hpp **** 
  45:src/../h/syscall_cpp.hpp ****     virtual void run() override;
  46:src/../h/syscall_cpp.hpp **** protected:
  47:src/../h/syscall_cpp.hpp ****     PeriodicThread (time_t period);
  48:src/../h/syscall_cpp.hpp ****     virtual void periodicActivation () {}
  38              		.loc 1 48 18 is_stmt 1
  39              		.cfi_startproc
  40              	.LVL1:
  41 0000 130101FF 		addi	sp,sp,-16
  42              		.cfi_def_cfa_offset 16
  43 0004 23348100 		sd	s0,8(sp)
  44              		.cfi_offset 8, -8
  45 0008 13040101 		addi	s0,sp,16
  46              		.cfi_def_cfa 8, 0
  47              		.loc 1 48 41 is_stmt 0
  48 000c 03348100 		ld	s0,8(sp)
  49              		.cfi_restore 8
  50              		.cfi_def_cfa 2, 16
  51 0010 13010101 		addi	sp,sp,16
  52              		.cfi_def_cfa_offset 0
  53 0014 67800000 		jr	ra
  54              		.cfi_endproc
  55              	.LFE1:
  57              		.text
  58              		.align	2
  59              		.globl	_ZN6Thread7wrapperEPv
  61              	_ZN6Thread7wrapperEPv:
  62              	.LFB17:
  63              		.file 2 "src/syscall_cpp.cpp"
   1:src/syscall_cpp.cpp **** #include "../h/syscall_cpp.hpp"
   2:src/syscall_cpp.cpp **** #include "../h/TCB.hpp"
   3:src/syscall_cpp.cpp **** 
   4:src/syscall_cpp.cpp **** Thread::Thread(){
   5:src/syscall_cpp.cpp ****     this->body=wrapper;
   6:src/syscall_cpp.cpp ****     this->arg= this;
   7:src/syscall_cpp.cpp **** }
   8:src/syscall_cpp.cpp **** Thread::Thread(void (*body)(void *), void *arg) {
GAS LISTING /tmp/cc8HdyHx.s 			page 3


   9:src/syscall_cpp.cpp ****     this->body=body;
  10:src/syscall_cpp.cpp ****     this->arg=arg;
  11:src/syscall_cpp.cpp **** }
  12:src/syscall_cpp.cpp **** void Thread::dispatch() {
  13:src/syscall_cpp.cpp ****     thread_dispatch();
  14:src/syscall_cpp.cpp **** }
  15:src/syscall_cpp.cpp **** int Thread::start() {
  16:src/syscall_cpp.cpp ****     thread_create(&myHandle,body, arg);
  17:src/syscall_cpp.cpp ****     if(body== nullptr)  TCB::running=myHandle;
  18:src/syscall_cpp.cpp ****     if(myHandle!= nullptr)  return 0;
  19:src/syscall_cpp.cpp ****     return -1;
  20:src/syscall_cpp.cpp **** }
  21:src/syscall_cpp.cpp **** void Thread::wrapper(void *t) {
  64              		.loc 2 21 31 is_stmt 1
  65              		.cfi_startproc
  66              	.LVL2:
  22:src/syscall_cpp.cpp ****     Thread* thread=(Thread*)t;
  67              		.loc 2 22 5
  23:src/syscall_cpp.cpp ****     if(thread) {
  68              		.loc 2 23 5
  69 0000 63080502 		beqz	a0,.L8
  21:src/syscall_cpp.cpp ****     Thread* thread=(Thread*)t;
  70              		.loc 2 21 31 is_stmt 0
  71 0004 130101FF 		addi	sp,sp,-16
  72              		.cfi_def_cfa_offset 16
  73 0008 23341100 		sd	ra,8(sp)
  74 000c 23308100 		sd	s0,0(sp)
  75              		.cfi_offset 1, -8
  76              		.cfi_offset 8, -16
  77 0010 13040101 		addi	s0,sp,16
  78              		.cfi_def_cfa 8, 0
  24:src/syscall_cpp.cpp ****         thread->run();
  79              		.loc 2 24 9 is_stmt 1
  80              		.loc 2 24 21 is_stmt 0
  81 0014 83370500 		ld	a5,0(a0)
  82 0018 83B70701 		ld	a5,16(a5)
  83              		.loc 2 24 20
  84 001c E7800700 		jalr	a5
  85              	.LVL3:
  25:src/syscall_cpp.cpp ****     }
  26:src/syscall_cpp.cpp **** }
  86              		.loc 2 26 1
  87 0020 83308100 		ld	ra,8(sp)
  88              		.cfi_restore 1
  89 0024 03340100 		ld	s0,0(sp)
  90              		.cfi_restore 8
  91              		.cfi_def_cfa 2, 16
  92 0028 13010101 		addi	sp,sp,16
  93              		.cfi_def_cfa_offset 0
  94 002c 67800000 		jr	ra
  95              	.LVL4:
  96              	.L8:
  97 0030 67800000 		ret
  98              		.cfi_endproc
  99              	.LFE17:
 101              		.align	2
 102              		.globl	_ZN6ThreadD2Ev
GAS LISTING /tmp/cc8HdyHx.s 			page 4


 104              	_ZN6ThreadD2Ev:
 105              	.LFB19:
  27:src/syscall_cpp.cpp **** Thread::~Thread() {
 106              		.loc 2 27 1 is_stmt 1
 107              		.cfi_startproc
 108              	.LVL5:
 109 0034 130101FF 		addi	sp,sp,-16
 110              		.cfi_def_cfa_offset 16
 111 0038 23348100 		sd	s0,8(sp)
 112              		.cfi_offset 8, -8
 113 003c 13040101 		addi	s0,sp,16
 114              		.cfi_def_cfa 8, 0
 115              	.LBB5:
  28:src/syscall_cpp.cpp ****     myHandle->setFinished(true);
 116              		.loc 2 28 5
 117 0040 83378500 		ld	a5,8(a0)
 118              	.LVL6:
 119              	.LBB6:
 120              	.LBB7:
 121              		.file 3 "src/../h/TCB.hpp"
   1:src/../h/TCB.hpp **** #ifndef TCB_HPP
   2:src/../h/TCB.hpp **** #define TCB_HPP
   3:src/../h/TCB.hpp **** 
   4:src/../h/TCB.hpp **** #include "../h/MemoryAllocator.hpp"
   5:src/../h/TCB.hpp **** #include "../lib/hw.h"
   6:src/../h/TCB.hpp **** 
   7:src/../h/TCB.hpp **** //Apstraction for thread control block (TCB)
   8:src/../h/TCB.hpp **** //Klasa preuzeta sa vezbi
   9:src/../h/TCB.hpp **** class TCB {
  10:src/../h/TCB.hpp **** public:
  11:src/../h/TCB.hpp **** 
  12:src/../h/TCB.hpp ****     friend class Asleep;
  13:src/../h/TCB.hpp ****     friend class Riscv;
  14:src/../h/TCB.hpp **** 
  15:src/../h/TCB.hpp ****     using Body = void(*)(void *);
  16:src/../h/TCB.hpp **** 
  17:src/../h/TCB.hpp ****     TCB(Body body, void *arg, uint64 *stack);
  18:src/../h/TCB.hpp **** 
  19:src/../h/TCB.hpp ****     bool isFinished() const {return finished;}
  20:src/../h/TCB.hpp ****     void setFinished(bool f) { TCB::finished = f;}
 122              		.loc 3 20 32
 123              		.loc 3 20 46 is_stmt 0
 124 0044 13071000 		li	a4,1
 125 0048 2384E702 		sb	a4,40(a5)
 126              	.LVL7:
 127              	.LBE7:
 128              	.LBE6:
 129              	.LBE5:
  29:src/syscall_cpp.cpp **** }
 130              		.loc 2 29 1
 131 004c 03348100 		ld	s0,8(sp)
 132              		.cfi_restore 8
 133              		.cfi_def_cfa 2, 16
 134 0050 13010101 		addi	sp,sp,16
 135              		.cfi_def_cfa_offset 0
 136 0054 67800000 		jr	ra
 137              		.cfi_endproc
GAS LISTING /tmp/cc8HdyHx.s 			page 5


 138              	.LFE19:
 140              		.globl	_ZN6ThreadD1Ev
 141              		.set	_ZN6ThreadD1Ev,_ZN6ThreadD2Ev
 142              		.align	2
 143              		.globl	_ZN6ThreadD0Ev
 145              	_ZN6ThreadD0Ev:
 146              	.LFB21:
  27:src/syscall_cpp.cpp ****     myHandle->setFinished(true);
 147              		.loc 2 27 1 is_stmt 1
 148              		.cfi_startproc
 149              	.LVL8:
 150 0058 130101FE 		addi	sp,sp,-32
 151              		.cfi_def_cfa_offset 32
 152 005c 233C1100 		sd	ra,24(sp)
 153 0060 23388100 		sd	s0,16(sp)
 154 0064 23349100 		sd	s1,8(sp)
 155              		.cfi_offset 1, -8
 156              		.cfi_offset 8, -16
 157              		.cfi_offset 9, -24
 158 0068 13040102 		addi	s0,sp,32
 159              		.cfi_def_cfa 8, 0
 160 006c 93040500 		mv	s1,a0
 161              		.loc 2 29 1 is_stmt 0
 162 0070 97000000 		call	_ZN6ThreadD1Ev
 162      E7800000 
 163              	.LVL9:
 164 0078 13850400 		mv	a0,s1
 165 007c 97000000 		call	_ZdlPv@plt
 165      E7800000 
 166              	.LVL10:
 167 0084 83308101 		ld	ra,24(sp)
 168              		.cfi_restore 1
 169 0088 03340101 		ld	s0,16(sp)
 170              		.cfi_restore 8
 171              		.cfi_def_cfa 2, 32
 172 008c 83348100 		ld	s1,8(sp)
 173              		.cfi_restore 9
 174              	.LVL11:
 175 0090 13010102 		addi	sp,sp,32
 176              		.cfi_def_cfa_offset 0
 177 0094 67800000 		jr	ra
 178              		.cfi_endproc
 179              	.LFE21:
 181              		.align	2
 182              		.globl	_ZN9SemaphoreD2Ev
 184              	_ZN9SemaphoreD2Ev:
 185              	.LFB29:
  30:src/syscall_cpp.cpp **** 
  31:src/syscall_cpp.cpp **** int Thread::sleep(time_t time) {
  32:src/syscall_cpp.cpp ****     return time_sleep(time);
  33:src/syscall_cpp.cpp **** }
  34:src/syscall_cpp.cpp **** 
  35:src/syscall_cpp.cpp **** Semaphore::Semaphore(unsigned int init) {
  36:src/syscall_cpp.cpp ****     sem_open(&myHandle, init);
  37:src/syscall_cpp.cpp **** }
  38:src/syscall_cpp.cpp **** int Semaphore::wait() {
  39:src/syscall_cpp.cpp ****     return sem_wait(myHandle);
GAS LISTING /tmp/cc8HdyHx.s 			page 6


  40:src/syscall_cpp.cpp **** }
  41:src/syscall_cpp.cpp **** int Semaphore::signal() {
  42:src/syscall_cpp.cpp ****     return sem_signal(myHandle);
  43:src/syscall_cpp.cpp **** }
  44:src/syscall_cpp.cpp **** 
  45:src/syscall_cpp.cpp **** Semaphore::~Semaphore() {
 186              		.loc 2 45 1 is_stmt 1
 187              		.cfi_startproc
 188              		.cfi_personality 0x9b,DW.ref.__gxx_personality_v0
 189              		.cfi_lsda 0x1b,.LLSDA29
 190              	.LVL12:
 191 0098 130101FF 		addi	sp,sp,-16
 192              		.cfi_def_cfa_offset 16
 193 009c 23341100 		sd	ra,8(sp)
 194 00a0 23308100 		sd	s0,0(sp)
 195              		.cfi_offset 1, -8
 196              		.cfi_offset 8, -16
 197 00a4 13040101 		addi	s0,sp,16
 198              		.cfi_def_cfa 8, 0
 199              	.LBB8:
 200              		.loc 2 45 23 is_stmt 0
 201 00a8 97070000 		lla	a5,_ZTV9Semaphore+16
 201      93870700 
 202 00b0 2330F500 		sd	a5,0(a0)
  46:src/syscall_cpp.cpp ****     sem_close(myHandle);
 203              		.loc 2 46 5 is_stmt 1
 204              		.loc 2 46 14 is_stmt 0
 205 00b4 03358500 		ld	a0,8(a0)
 206              	.LVL13:
 207 00b8 97000000 		call	_Z9sem_closeP11MySemaphore@plt
 207      E7800000 
 208              	.LVL14:
 209              	.LBE8:
  47:src/syscall_cpp.cpp **** }
 210              		.loc 2 47 1
 211 00c0 83308100 		ld	ra,8(sp)
 212              		.cfi_restore 1
 213 00c4 03340100 		ld	s0,0(sp)
 214              		.cfi_restore 8
 215              		.cfi_def_cfa 2, 16
 216 00c8 13010101 		addi	sp,sp,16
 217              		.cfi_def_cfa_offset 0
 218 00cc 67800000 		jr	ra
 219              		.cfi_endproc
 220              	.LFE29:
 221              		.globl	__gxx_personality_v0
 222              		.section	.gcc_except_table,"a",@progbits
 223              	.LLSDA29:
 224 0000 FF       		.byte	0xff
 225 0001 FF       		.byte	0xff
 226 0002 03       		.byte	0x3
 227 0003 00       		.byte	0
 228              		.text
 230              		.globl	_ZN9SemaphoreD1Ev
 231              		.set	_ZN9SemaphoreD1Ev,_ZN9SemaphoreD2Ev
 232              		.align	2
 233              		.globl	_ZN9SemaphoreD0Ev
GAS LISTING /tmp/cc8HdyHx.s 			page 7


 235              	_ZN9SemaphoreD0Ev:
 236              	.LFB31:
  45:src/syscall_cpp.cpp ****     sem_close(myHandle);
 237              		.loc 2 45 1 is_stmt 1
 238              		.cfi_startproc
 239              	.LVL15:
 240 00d0 130101FE 		addi	sp,sp,-32
 241              		.cfi_def_cfa_offset 32
 242 00d4 233C1100 		sd	ra,24(sp)
 243 00d8 23388100 		sd	s0,16(sp)
 244 00dc 23349100 		sd	s1,8(sp)
 245              		.cfi_offset 1, -8
 246              		.cfi_offset 8, -16
 247              		.cfi_offset 9, -24
 248 00e0 13040102 		addi	s0,sp,32
 249              		.cfi_def_cfa 8, 0
 250 00e4 93040500 		mv	s1,a0
 251              		.loc 2 47 1 is_stmt 0
 252 00e8 97000000 		call	_ZN9SemaphoreD1Ev
 252      E7800000 
 253              	.LVL16:
 254 00f0 13850400 		mv	a0,s1
 255 00f4 97000000 		call	_ZdlPv@plt
 255      E7800000 
 256              	.LVL17:
 257 00fc 83308101 		ld	ra,24(sp)
 258              		.cfi_restore 1
 259 0100 03340101 		ld	s0,16(sp)
 260              		.cfi_restore 8
 261              		.cfi_def_cfa 2, 32
 262 0104 83348100 		ld	s1,8(sp)
 263              		.cfi_restore 9
 264              	.LVL18:
 265 0108 13010102 		addi	sp,sp,32
 266              		.cfi_def_cfa_offset 0
 267 010c 67800000 		jr	ra
 268              		.cfi_endproc
 269              	.LFE31:
 271              		.align	2
 272              		.globl	_ZN6ThreadC2Ev
 274              	_ZN6ThreadC2Ev:
 275              	.LFB10:
   4:src/syscall_cpp.cpp ****     this->body=wrapper;
 276              		.loc 2 4 1 is_stmt 1
 277              		.cfi_startproc
 278              	.LVL19:
 279 0110 130101FF 		addi	sp,sp,-16
 280              		.cfi_def_cfa_offset 16
 281 0114 23348100 		sd	s0,8(sp)
 282              		.cfi_offset 8, -8
 283 0118 13040101 		addi	s0,sp,16
 284              		.cfi_def_cfa 8, 0
 285              	.LBB9:
   4:src/syscall_cpp.cpp ****     this->body=wrapper;
 286              		.loc 2 4 16 is_stmt 0
 287 011c 97070000 		lla	a5,_ZTV6Thread+16
 287      93870700 
GAS LISTING /tmp/cc8HdyHx.s 			page 8


 288 0124 2330F500 		sd	a5,0(a0)
   5:src/syscall_cpp.cpp ****     this->arg= this;
 289              		.loc 2 5 5 is_stmt 1
   5:src/syscall_cpp.cpp ****     this->arg= this;
 290              		.loc 2 5 15 is_stmt 0
 291 0128 97070000 		lla	a5,_ZN6Thread7wrapperEPv
 291      93870700 
 292 0130 2338F500 		sd	a5,16(a0)
   6:src/syscall_cpp.cpp **** }
 293              		.loc 2 6 5 is_stmt 1
   6:src/syscall_cpp.cpp **** }
 294              		.loc 2 6 14 is_stmt 0
 295 0134 233CA500 		sd	a0,24(a0)
 296              	.LBE9:
   7:src/syscall_cpp.cpp **** Thread::Thread(void (*body)(void *), void *arg) {
 297              		.loc 2 7 1
 298 0138 03348100 		ld	s0,8(sp)
 299              		.cfi_restore 8
 300              		.cfi_def_cfa 2, 16
 301 013c 13010101 		addi	sp,sp,16
 302              		.cfi_def_cfa_offset 0
 303 0140 67800000 		jr	ra
 304              		.cfi_endproc
 305              	.LFE10:
 307              		.globl	_ZN6ThreadC1Ev
 308              		.set	_ZN6ThreadC1Ev,_ZN6ThreadC2Ev
 309              		.align	2
 310              		.globl	_ZN6ThreadC2EPFvPvES0_
 312              	_ZN6ThreadC2EPFvPvES0_:
 313              	.LFB13:
   8:src/syscall_cpp.cpp ****     this->body=body;
 314              		.loc 2 8 1 is_stmt 1
 315              		.cfi_startproc
 316              	.LVL20:
 317 0144 130101FF 		addi	sp,sp,-16
 318              		.cfi_def_cfa_offset 16
 319 0148 23348100 		sd	s0,8(sp)
 320              		.cfi_offset 8, -8
 321 014c 13040101 		addi	s0,sp,16
 322              		.cfi_def_cfa 8, 0
 323              	.LBB10:
   8:src/syscall_cpp.cpp ****     this->body=body;
 324              		.loc 2 8 47 is_stmt 0
 325 0150 97070000 		lla	a5,_ZTV6Thread+16
 325      93870700 
 326 0158 2330F500 		sd	a5,0(a0)
   9:src/syscall_cpp.cpp ****     this->arg=arg;
 327              		.loc 2 9 5 is_stmt 1
   9:src/syscall_cpp.cpp ****     this->arg=arg;
 328              		.loc 2 9 15 is_stmt 0
 329 015c 2338B500 		sd	a1,16(a0)
  10:src/syscall_cpp.cpp **** }
 330              		.loc 2 10 5 is_stmt 1
  10:src/syscall_cpp.cpp **** }
 331              		.loc 2 10 14 is_stmt 0
 332 0160 233CC500 		sd	a2,24(a0)
 333              	.LBE10:
GAS LISTING /tmp/cc8HdyHx.s 			page 9


  11:src/syscall_cpp.cpp **** void Thread::dispatch() {
 334              		.loc 2 11 1
 335 0164 03348100 		ld	s0,8(sp)
 336              		.cfi_restore 8
 337              		.cfi_def_cfa 2, 16
 338 0168 13010101 		addi	sp,sp,16
 339              		.cfi_def_cfa_offset 0
 340 016c 67800000 		jr	ra
 341              		.cfi_endproc
 342              	.LFE13:
 344              		.globl	_ZN6ThreadC1EPFvPvES0_
 345              		.set	_ZN6ThreadC1EPFvPvES0_,_ZN6ThreadC2EPFvPvES0_
 346              		.align	2
 347              		.globl	_ZN6Thread8dispatchEv
 349              	_ZN6Thread8dispatchEv:
 350              	.LFB15:
  12:src/syscall_cpp.cpp ****     thread_dispatch();
 351              		.loc 2 12 25 is_stmt 1
 352              		.cfi_startproc
 353 0170 130101FF 		addi	sp,sp,-16
 354              		.cfi_def_cfa_offset 16
 355 0174 23341100 		sd	ra,8(sp)
 356 0178 23308100 		sd	s0,0(sp)
 357              		.cfi_offset 1, -8
 358              		.cfi_offset 8, -16
 359 017c 13040101 		addi	s0,sp,16
 360              		.cfi_def_cfa 8, 0
  13:src/syscall_cpp.cpp **** }
 361              		.loc 2 13 5
  13:src/syscall_cpp.cpp **** }
 362              		.loc 2 13 20 is_stmt 0
 363 0180 97000000 		call	_Z15thread_dispatchv@plt
 363      E7800000 
 364              	.LVL21:
  14:src/syscall_cpp.cpp **** int Thread::start() {
 365              		.loc 2 14 1
 366 0188 83308100 		ld	ra,8(sp)
 367              		.cfi_restore 1
 368 018c 03340100 		ld	s0,0(sp)
 369              		.cfi_restore 8
 370              		.cfi_def_cfa 2, 16
 371 0190 13010101 		addi	sp,sp,16
 372              		.cfi_def_cfa_offset 0
 373 0194 67800000 		jr	ra
 374              		.cfi_endproc
 375              	.LFE15:
 377              		.align	2
 378              		.globl	_ZN6Thread5startEv
 380              	_ZN6Thread5startEv:
 381              	.LFB16:
  15:src/syscall_cpp.cpp ****     thread_create(&myHandle,body, arg);
 382              		.loc 2 15 21 is_stmt 1
 383              		.cfi_startproc
 384              	.LVL22:
 385 0198 130101FE 		addi	sp,sp,-32
 386              		.cfi_def_cfa_offset 32
 387 019c 233C1100 		sd	ra,24(sp)
GAS LISTING /tmp/cc8HdyHx.s 			page 10


 388 01a0 23388100 		sd	s0,16(sp)
 389 01a4 23349100 		sd	s1,8(sp)
 390              		.cfi_offset 1, -8
 391              		.cfi_offset 8, -16
 392              		.cfi_offset 9, -24
 393 01a8 13040102 		addi	s0,sp,32
 394              		.cfi_def_cfa 8, 0
 395 01ac 93040500 		mv	s1,a0
  16:src/syscall_cpp.cpp ****     if(body== nullptr)  TCB::running=myHandle;
 396              		.loc 2 16 5
  16:src/syscall_cpp.cpp ****     if(body== nullptr)  TCB::running=myHandle;
 397              		.loc 2 16 18 is_stmt 0
 398 01b0 03368501 		ld	a2,24(a0)
 399 01b4 83350501 		ld	a1,16(a0)
 400 01b8 13058500 		addi	a0,a0,8
 401              	.LVL23:
 402 01bc 97000000 		call	_Z13thread_createPP3TCBPFvPvES2_@plt
 402      E7800000 
 403              	.LVL24:
  17:src/syscall_cpp.cpp ****     if(myHandle!= nullptr)  return 0;
 404              		.loc 2 17 5 is_stmt 1
  17:src/syscall_cpp.cpp ****     if(myHandle!= nullptr)  return 0;
 405              		.loc 2 17 8 is_stmt 0
 406 01c4 83B70401 		ld	a5,16(s1)
  17:src/syscall_cpp.cpp ****     if(myHandle!= nullptr)  return 0;
 407              		.loc 2 17 5
 408 01c8 63820702 		beqz	a5,.L30
 409              	.L26:
  18:src/syscall_cpp.cpp ****     return -1;
 410              		.loc 2 18 5 is_stmt 1
  18:src/syscall_cpp.cpp ****     return -1;
 411              		.loc 2 18 8 is_stmt 0
 412 01cc 83B78400 		ld	a5,8(s1)
  18:src/syscall_cpp.cpp ****     return -1;
 413              		.loc 2 18 5
 414 01d0 63880702 		beqz	a5,.L31
  18:src/syscall_cpp.cpp ****     return -1;
 415              		.loc 2 18 36
 416 01d4 13050000 		li	a0,0
 417              	.L27:
  20:src/syscall_cpp.cpp **** void Thread::wrapper(void *t) {
 418              		.loc 2 20 1
 419 01d8 83308101 		ld	ra,24(sp)
 420              		.cfi_remember_state
 421              		.cfi_restore 1
 422 01dc 03340101 		ld	s0,16(sp)
 423              		.cfi_restore 8
 424              		.cfi_def_cfa 2, 32
 425 01e0 83348100 		ld	s1,8(sp)
 426              		.cfi_restore 9
 427              	.LVL25:
 428 01e4 13010102 		addi	sp,sp,32
 429              		.cfi_def_cfa_offset 0
 430 01e8 67800000 		jr	ra
 431              	.LVL26:
 432              	.L30:
 433              		.cfi_restore_state
GAS LISTING /tmp/cc8HdyHx.s 			page 11


  17:src/syscall_cpp.cpp ****     if(myHandle!= nullptr)  return 0;
 434              		.loc 2 17 25 is_stmt 1 discriminator 1
  17:src/syscall_cpp.cpp ****     if(myHandle!= nullptr)  return 0;
 435              		.loc 2 17 38 is_stmt 0 discriminator 1
 436 01ec 03B78400 		ld	a4,8(s1)
  17:src/syscall_cpp.cpp ****     if(myHandle!= nullptr)  return 0;
 437              		.loc 2 17 37 discriminator 1
 438 01f0 97070000 		la	a5,_ZN3TCB7runningE
 438      83B70700 
 439 01f8 23B0E700 		sd	a4,0(a5)
 440 01fc 6FF01FFD 		j	.L26
 441              	.L31:
  19:src/syscall_cpp.cpp **** }
 442              		.loc 2 19 13
 443 0200 1305F0FF 		li	a0,-1
 444 0204 6FF05FFD 		j	.L27
 445              		.cfi_endproc
 446              	.LFE16:
 448              		.align	2
 449              		.globl	_ZN6Thread5sleepEm
 451              	_ZN6Thread5sleepEm:
 452              	.LFB22:
  31:src/syscall_cpp.cpp ****     return time_sleep(time);
 453              		.loc 2 31 32 is_stmt 1
 454              		.cfi_startproc
 455              	.LVL27:
 456 0208 130101FF 		addi	sp,sp,-16
 457              		.cfi_def_cfa_offset 16
 458 020c 23341100 		sd	ra,8(sp)
 459 0210 23308100 		sd	s0,0(sp)
 460              		.cfi_offset 1, -8
 461              		.cfi_offset 8, -16
 462 0214 13040101 		addi	s0,sp,16
 463              		.cfi_def_cfa 8, 0
  32:src/syscall_cpp.cpp **** }
 464              		.loc 2 32 5
  32:src/syscall_cpp.cpp **** }
 465              		.loc 2 32 22 is_stmt 0
 466 0218 97000000 		call	_Z10time_sleepm@plt
 466      E7800000 
 467              	.LVL28:
  33:src/syscall_cpp.cpp **** 
 468              		.loc 2 33 1
 469 0220 83308100 		ld	ra,8(sp)
 470              		.cfi_restore 1
 471 0224 03340100 		ld	s0,0(sp)
 472              		.cfi_restore 8
 473              		.cfi_def_cfa 2, 16
 474 0228 13010101 		addi	sp,sp,16
 475              		.cfi_def_cfa_offset 0
 476 022c 67800000 		jr	ra
 477              		.cfi_endproc
 478              	.LFE22:
 480              		.align	2
 481              		.globl	_ZN14PeriodicThread3runEv
 483              	_ZN14PeriodicThread3runEv:
 484              	.LFB36:
GAS LISTING /tmp/cc8HdyHx.s 			page 12


  48:src/syscall_cpp.cpp **** 
  49:src/syscall_cpp.cpp **** void PeriodicThread::terminate() {
  50:src/syscall_cpp.cpp ****     period=0;
  51:src/syscall_cpp.cpp **** }
  52:src/syscall_cpp.cpp **** PeriodicThread::PeriodicThread(time_t period) : Thread(){
  53:src/syscall_cpp.cpp ****     this->period = period;
  54:src/syscall_cpp.cpp **** }
  55:src/syscall_cpp.cpp **** 
  56:src/syscall_cpp.cpp **** void PeriodicThread::run() {
 485              		.loc 2 56 28 is_stmt 1
 486              		.cfi_startproc
 487              	.LVL29:
 488 0230 130101FE 		addi	sp,sp,-32
 489              		.cfi_def_cfa_offset 32
 490 0234 233C1100 		sd	ra,24(sp)
 491 0238 23388100 		sd	s0,16(sp)
 492 023c 23349100 		sd	s1,8(sp)
 493              		.cfi_offset 1, -8
 494              		.cfi_offset 8, -16
 495              		.cfi_offset 9, -24
 496 0240 13040102 		addi	s0,sp,32
 497              		.cfi_def_cfa 8, 0
 498 0244 93040500 		mv	s1,a0
 499              	.LVL30:
 500              	.L36:
  57:src/syscall_cpp.cpp ****     while(period!=0){
 501              		.loc 2 57 5
 502              		.loc 2 57 17
 503              		.loc 2 57 11 is_stmt 0
 504 0248 83B70402 		ld	a5,32(s1)
 505              		.loc 2 57 17
 506 024c 63820702 		beqz	a5,.L34
  58:src/syscall_cpp.cpp ****         periodicActivation();
 507              		.loc 2 58 9 is_stmt 1
 508              		.loc 2 58 28 is_stmt 0
 509 0250 83B70400 		ld	a5,0(s1)
 510 0254 83B78701 		ld	a5,24(a5)
 511              		.loc 2 58 27
 512 0258 13850400 		mv	a0,s1
 513 025c E7800700 		jalr	a5
 514              	.LVL31:
  59:src/syscall_cpp.cpp ****         Thread::sleep(period);
 515              		.loc 2 59 9 is_stmt 1
 516              		.loc 2 59 22 is_stmt 0
 517 0260 03B50402 		ld	a0,32(s1)
 518 0264 97000000 		call	_ZN6Thread5sleepEm
 518      E7800000 
 519              	.LVL32:
  57:src/syscall_cpp.cpp ****     while(period!=0){
 520              		.loc 2 57 5
 521 026c 6FF0DFFD 		j	.L36
 522              	.L34:
  60:src/syscall_cpp.cpp ****     }
  61:src/syscall_cpp.cpp **** }
 523              		.loc 2 61 1
 524 0270 83308101 		ld	ra,24(sp)
 525              		.cfi_restore 1
GAS LISTING /tmp/cc8HdyHx.s 			page 13


 526 0274 03340101 		ld	s0,16(sp)
 527              		.cfi_restore 8
 528              		.cfi_def_cfa 2, 32
 529 0278 83348100 		ld	s1,8(sp)
 530              		.cfi_restore 9
 531              	.LVL33:
 532 027c 13010102 		addi	sp,sp,32
 533              		.cfi_def_cfa_offset 0
 534 0280 67800000 		jr	ra
 535              		.cfi_endproc
 536              	.LFE36:
 538              		.align	2
 539              		.globl	_ZN9SemaphoreC2Ej
 541              	_ZN9SemaphoreC2Ej:
 542              	.LFB24:
  35:src/syscall_cpp.cpp ****     sem_open(&myHandle, init);
 543              		.loc 2 35 1 is_stmt 1
 544              		.cfi_startproc
 545              	.LVL34:
 546 0284 130101FF 		addi	sp,sp,-16
 547              		.cfi_def_cfa_offset 16
 548 0288 23341100 		sd	ra,8(sp)
 549 028c 23308100 		sd	s0,0(sp)
 550              		.cfi_offset 1, -8
 551              		.cfi_offset 8, -16
 552 0290 13040101 		addi	s0,sp,16
 553              		.cfi_def_cfa 8, 0
 554              	.LBB11:
  35:src/syscall_cpp.cpp ****     sem_open(&myHandle, init);
 555              		.loc 2 35 39 is_stmt 0
 556 0294 97070000 		lla	a5,_ZTV9Semaphore+16
 556      93870700 
 557 029c 2330F500 		sd	a5,0(a0)
  36:src/syscall_cpp.cpp **** }
 558              		.loc 2 36 5 is_stmt 1
  36:src/syscall_cpp.cpp **** }
 559              		.loc 2 36 13 is_stmt 0
 560 02a0 13058500 		addi	a0,a0,8
 561              	.LVL35:
 562 02a4 97000000 		call	_Z8sem_openPP11MySemaphorej@plt
 562      E7800000 
 563              	.LVL36:
 564              	.LBE11:
  37:src/syscall_cpp.cpp **** int Semaphore::wait() {
 565              		.loc 2 37 1
 566 02ac 83308100 		ld	ra,8(sp)
 567              		.cfi_restore 1
 568 02b0 03340100 		ld	s0,0(sp)
 569              		.cfi_restore 8
 570              		.cfi_def_cfa 2, 16
 571 02b4 13010101 		addi	sp,sp,16
 572              		.cfi_def_cfa_offset 0
 573 02b8 67800000 		jr	ra
 574              		.cfi_endproc
 575              	.LFE24:
 577              		.globl	_ZN9SemaphoreC1Ej
 578              		.set	_ZN9SemaphoreC1Ej,_ZN9SemaphoreC2Ej
GAS LISTING /tmp/cc8HdyHx.s 			page 14


 579              		.align	2
 580              		.globl	_ZN9Semaphore4waitEv
 582              	_ZN9Semaphore4waitEv:
 583              	.LFB26:
  38:src/syscall_cpp.cpp ****     return sem_wait(myHandle);
 584              		.loc 2 38 23 is_stmt 1
 585              		.cfi_startproc
 586              	.LVL37:
 587 02bc 130101FF 		addi	sp,sp,-16
 588              		.cfi_def_cfa_offset 16
 589 02c0 23341100 		sd	ra,8(sp)
 590 02c4 23308100 		sd	s0,0(sp)
 591              		.cfi_offset 1, -8
 592              		.cfi_offset 8, -16
 593 02c8 13040101 		addi	s0,sp,16
 594              		.cfi_def_cfa 8, 0
  39:src/syscall_cpp.cpp **** }
 595              		.loc 2 39 5
  39:src/syscall_cpp.cpp **** }
 596              		.loc 2 39 20 is_stmt 0
 597 02cc 03358500 		ld	a0,8(a0)
 598              	.LVL38:
 599 02d0 97000000 		call	_Z8sem_waitP11MySemaphore@plt
 599      E7800000 
 600              	.LVL39:
  40:src/syscall_cpp.cpp **** int Semaphore::signal() {
 601              		.loc 2 40 1
 602 02d8 83308100 		ld	ra,8(sp)
 603              		.cfi_restore 1
 604 02dc 03340100 		ld	s0,0(sp)
 605              		.cfi_restore 8
 606              		.cfi_def_cfa 2, 16
 607 02e0 13010101 		addi	sp,sp,16
 608              		.cfi_def_cfa_offset 0
 609 02e4 67800000 		jr	ra
 610              		.cfi_endproc
 611              	.LFE26:
 613              		.align	2
 614              		.globl	_ZN9Semaphore6signalEv
 616              	_ZN9Semaphore6signalEv:
 617              	.LFB27:
  41:src/syscall_cpp.cpp ****     return sem_signal(myHandle);
 618              		.loc 2 41 25 is_stmt 1
 619              		.cfi_startproc
 620              	.LVL40:
 621 02e8 130101FF 		addi	sp,sp,-16
 622              		.cfi_def_cfa_offset 16
 623 02ec 23341100 		sd	ra,8(sp)
 624 02f0 23308100 		sd	s0,0(sp)
 625              		.cfi_offset 1, -8
 626              		.cfi_offset 8, -16
 627 02f4 13040101 		addi	s0,sp,16
 628              		.cfi_def_cfa 8, 0
  42:src/syscall_cpp.cpp **** }
 629              		.loc 2 42 5
  42:src/syscall_cpp.cpp **** }
 630              		.loc 2 42 22 is_stmt 0
GAS LISTING /tmp/cc8HdyHx.s 			page 15


 631 02f8 03358500 		ld	a0,8(a0)
 632              	.LVL41:
 633 02fc 97000000 		call	_Z10sem_signalP11MySemaphore@plt
 633      E7800000 
 634              	.LVL42:
  43:src/syscall_cpp.cpp **** 
 635              		.loc 2 43 1
 636 0304 83308100 		ld	ra,8(sp)
 637              		.cfi_restore 1
 638 0308 03340100 		ld	s0,0(sp)
 639              		.cfi_restore 8
 640              		.cfi_def_cfa 2, 16
 641 030c 13010101 		addi	sp,sp,16
 642              		.cfi_def_cfa_offset 0
 643 0310 67800000 		jr	ra
 644              		.cfi_endproc
 645              	.LFE27:
 647              		.align	2
 648              		.globl	_ZN14PeriodicThread9terminateEv
 650              	_ZN14PeriodicThread9terminateEv:
 651              	.LFB32:
  49:src/syscall_cpp.cpp ****     period=0;
 652              		.loc 2 49 34 is_stmt 1
 653              		.cfi_startproc
 654              	.LVL43:
 655 0314 130101FF 		addi	sp,sp,-16
 656              		.cfi_def_cfa_offset 16
 657 0318 23348100 		sd	s0,8(sp)
 658              		.cfi_offset 8, -8
 659 031c 13040101 		addi	s0,sp,16
 660              		.cfi_def_cfa 8, 0
  50:src/syscall_cpp.cpp **** }
 661              		.loc 2 50 5
  50:src/syscall_cpp.cpp **** }
 662              		.loc 2 50 11 is_stmt 0
 663 0320 23300502 		sd	zero,32(a0)
  51:src/syscall_cpp.cpp **** PeriodicThread::PeriodicThread(time_t period) : Thread(){
 664              		.loc 2 51 1
 665 0324 03348100 		ld	s0,8(sp)
 666              		.cfi_restore 8
 667              		.cfi_def_cfa 2, 16
 668 0328 13010101 		addi	sp,sp,16
 669              		.cfi_def_cfa_offset 0
 670 032c 67800000 		jr	ra
 671              		.cfi_endproc
 672              	.LFE32:
 674              		.align	2
 675              		.globl	_ZN14PeriodicThreadD2Ev
 677              	_ZN14PeriodicThreadD2Ev:
 678              	.LFB38:
  62:src/syscall_cpp.cpp **** 
  63:src/syscall_cpp.cpp **** PeriodicThread::~PeriodicThread() noexcept {
 679              		.loc 2 63 1 is_stmt 1
 680              		.cfi_startproc
 681              	.LVL44:
 682 0330 130101FE 		addi	sp,sp,-32
 683              		.cfi_def_cfa_offset 32
GAS LISTING /tmp/cc8HdyHx.s 			page 16


 684 0334 233C1100 		sd	ra,24(sp)
 685 0338 23388100 		sd	s0,16(sp)
 686 033c 23349100 		sd	s1,8(sp)
 687              		.cfi_offset 1, -8
 688              		.cfi_offset 8, -16
 689              		.cfi_offset 9, -24
 690 0340 13040102 		addi	s0,sp,32
 691              		.cfi_def_cfa 8, 0
 692 0344 93040500 		mv	s1,a0
 693              	.LBB12:
 694              		.loc 2 63 35 is_stmt 0
 695 0348 97070000 		lla	a5,_ZTV14PeriodicThread+16
 695      93870700 
 696 0350 2330F500 		sd	a5,0(a0)
  64:src/syscall_cpp.cpp ****     terminate();
 697              		.loc 2 64 5 is_stmt 1
 698              		.loc 2 64 14 is_stmt 0
 699 0354 97000000 		call	_ZN14PeriodicThread9terminateEv
 699      E7800000 
 700              	.LVL45:
  63:src/syscall_cpp.cpp ****     terminate();
 701              		.loc 2 63 35
 702 035c 13850400 		mv	a0,s1
 703 0360 97000000 		call	_ZN6ThreadD2Ev
 703      E7800000 
 704              	.LVL46:
 705              	.LBE12:
  65:src/syscall_cpp.cpp **** }
 706              		.loc 2 65 1
 707 0368 83308101 		ld	ra,24(sp)
 708              		.cfi_restore 1
 709 036c 03340101 		ld	s0,16(sp)
 710              		.cfi_restore 8
 711              		.cfi_def_cfa 2, 32
 712 0370 83348100 		ld	s1,8(sp)
 713              		.cfi_restore 9
 714              	.LVL47:
 715 0374 13010102 		addi	sp,sp,32
 716              		.cfi_def_cfa_offset 0
 717 0378 67800000 		jr	ra
 718              		.cfi_endproc
 719              	.LFE38:
 721              		.globl	_ZN14PeriodicThreadD1Ev
 722              		.set	_ZN14PeriodicThreadD1Ev,_ZN14PeriodicThreadD2Ev
 723              		.align	2
 724              		.globl	_ZN14PeriodicThreadD0Ev
 726              	_ZN14PeriodicThreadD0Ev:
 727              	.LFB40:
  63:src/syscall_cpp.cpp ****     terminate();
 728              		.loc 2 63 1 is_stmt 1
 729              		.cfi_startproc
 730              	.LVL48:
 731 037c 130101FE 		addi	sp,sp,-32
 732              		.cfi_def_cfa_offset 32
 733 0380 233C1100 		sd	ra,24(sp)
 734 0384 23388100 		sd	s0,16(sp)
 735 0388 23349100 		sd	s1,8(sp)
GAS LISTING /tmp/cc8HdyHx.s 			page 17


 736              		.cfi_offset 1, -8
 737              		.cfi_offset 8, -16
 738              		.cfi_offset 9, -24
 739 038c 13040102 		addi	s0,sp,32
 740              		.cfi_def_cfa 8, 0
 741 0390 93040500 		mv	s1,a0
 742              		.loc 2 65 1 is_stmt 0
 743 0394 97000000 		call	_ZN14PeriodicThreadD1Ev
 743      E7800000 
 744              	.LVL49:
 745 039c 13850400 		mv	a0,s1
 746 03a0 97000000 		call	_ZdlPv@plt
 746      E7800000 
 747              	.LVL50:
 748 03a8 83308101 		ld	ra,24(sp)
 749              		.cfi_restore 1
 750 03ac 03340101 		ld	s0,16(sp)
 751              		.cfi_restore 8
 752              		.cfi_def_cfa 2, 32
 753 03b0 83348100 		ld	s1,8(sp)
 754              		.cfi_restore 9
 755              	.LVL51:
 756 03b4 13010102 		addi	sp,sp,32
 757              		.cfi_def_cfa_offset 0
 758 03b8 67800000 		jr	ra
 759              		.cfi_endproc
 760              	.LFE40:
 762              		.align	2
 763              		.globl	_ZN14PeriodicThreadC2Em
 765              	_ZN14PeriodicThreadC2Em:
 766              	.LFB34:
  52:src/syscall_cpp.cpp ****     this->period = period;
 767              		.loc 2 52 1 is_stmt 1
 768              		.cfi_startproc
 769              	.LVL52:
 770 03bc 130101FE 		addi	sp,sp,-32
 771              		.cfi_def_cfa_offset 32
 772 03c0 233C1100 		sd	ra,24(sp)
 773 03c4 23388100 		sd	s0,16(sp)
 774 03c8 23349100 		sd	s1,8(sp)
 775 03cc 23302101 		sd	s2,0(sp)
 776              		.cfi_offset 1, -8
 777              		.cfi_offset 8, -16
 778              		.cfi_offset 9, -24
 779              		.cfi_offset 18, -32
 780 03d0 13040102 		addi	s0,sp,32
 781              		.cfi_def_cfa 8, 0
 782 03d4 93040500 		mv	s1,a0
 783 03d8 13890500 		mv	s2,a1
 784              	.LBB13:
  52:src/syscall_cpp.cpp ****     this->period = period;
 785              		.loc 2 52 56 is_stmt 0
 786 03dc 97000000 		call	_ZN6ThreadC2Ev
 786      E7800000 
 787              	.LVL53:
 788 03e4 97070000 		lla	a5,_ZTV14PeriodicThread+16
 788      93870700 
GAS LISTING /tmp/cc8HdyHx.s 			page 18


 789 03ec 23B0F400 		sd	a5,0(s1)
  53:src/syscall_cpp.cpp **** }
 790              		.loc 2 53 5 is_stmt 1
  53:src/syscall_cpp.cpp **** }
 791              		.loc 2 53 18 is_stmt 0
 792 03f0 23B02403 		sd	s2,32(s1)
 793              	.LBE13:
  54:src/syscall_cpp.cpp **** 
 794              		.loc 2 54 1
 795 03f4 83308101 		ld	ra,24(sp)
 796              		.cfi_restore 1
 797 03f8 03340101 		ld	s0,16(sp)
 798              		.cfi_restore 8
 799              		.cfi_def_cfa 2, 32
 800 03fc 83348100 		ld	s1,8(sp)
 801              		.cfi_restore 9
 802              	.LVL54:
 803 0400 03390100 		ld	s2,0(sp)
 804              		.cfi_restore 18
 805              	.LVL55:
 806 0404 13010102 		addi	sp,sp,32
 807              		.cfi_def_cfa_offset 0
 808 0408 67800000 		jr	ra
 809              		.cfi_endproc
 810              	.LFE34:
 812              		.globl	_ZN14PeriodicThreadC1Em
 813              		.set	_ZN14PeriodicThreadC1Em,_ZN14PeriodicThreadC2Em
 814              		.align	2
 815              		.globl	_ZN7Console4getcEv
 817              	_ZN7Console4getcEv:
 818              	.LFB41:
  66:src/syscall_cpp.cpp **** 
  67:src/syscall_cpp.cpp **** char Console::getc() {
 819              		.loc 2 67 22 is_stmt 1
 820              		.cfi_startproc
 821 040c 130101FF 		addi	sp,sp,-16
 822              		.cfi_def_cfa_offset 16
 823 0410 23341100 		sd	ra,8(sp)
 824 0414 23308100 		sd	s0,0(sp)
 825              		.cfi_offset 1, -8
 826              		.cfi_offset 8, -16
 827 0418 13040101 		addi	s0,sp,16
 828              		.cfi_def_cfa 8, 0
  68:src/syscall_cpp.cpp ****     return::getc();
 829              		.loc 2 68 5
 830              		.loc 2 68 17 is_stmt 0
 831 041c 97000000 		call	_Z4getcv@plt
 831      E7800000 
 832              	.LVL56:
  69:src/syscall_cpp.cpp **** }
 833              		.loc 2 69 1
 834 0424 83308100 		ld	ra,8(sp)
 835              		.cfi_restore 1
 836 0428 03340100 		ld	s0,0(sp)
 837              		.cfi_restore 8
 838              		.cfi_def_cfa 2, 16
 839 042c 13010101 		addi	sp,sp,16
GAS LISTING /tmp/cc8HdyHx.s 			page 19


 840              		.cfi_def_cfa_offset 0
 841 0430 67800000 		jr	ra
 842              		.cfi_endproc
 843              	.LFE41:
 845              		.align	2
 846              		.globl	_ZN7Console4putcEc
 848              	_ZN7Console4putcEc:
 849              	.LFB42:
  70:src/syscall_cpp.cpp **** void Console::putc(char c) {
 850              		.loc 2 70 28 is_stmt 1
 851              		.cfi_startproc
 852              	.LVL57:
 853 0434 130101FF 		addi	sp,sp,-16
 854              		.cfi_def_cfa_offset 16
 855 0438 23341100 		sd	ra,8(sp)
 856 043c 23308100 		sd	s0,0(sp)
 857              		.cfi_offset 1, -8
 858              		.cfi_offset 8, -16
 859 0440 13040101 		addi	s0,sp,16
 860              		.cfi_def_cfa 8, 0
  71:src/syscall_cpp.cpp ****     ::putc(c);
 861              		.loc 2 71 5
 862              		.loc 2 71 11 is_stmt 0
 863 0444 97000000 		call	_Z4putcc@plt
 863      E7800000 
 864              	.LVL58:
  72:src/syscall_cpp.cpp **** }...
 865              		.loc 2 72 1
 866 044c 83308100 		ld	ra,8(sp)
 867              		.cfi_restore 1
 868 0450 03340100 		ld	s0,0(sp)
 869              		.cfi_restore 8
 870              		.cfi_def_cfa 2, 16
 871 0454 13010101 		addi	sp,sp,16
 872              		.cfi_def_cfa_offset 0
 873 0458 67800000 		jr	ra
 874              		.cfi_endproc
 875              	.LFE42:
 877              		.weak	_ZTV6Thread
 878              		.section	.data.rel.ro.local._ZTV6Thread,"awG",@progbits,_ZTV6Thread,comdat
 879              		.align	3
 882              	_ZTV6Thread:
 883 0000 00000000 		.dword	0
 883      00000000 
 884 0008 00000000 		.dword	0
 884      00000000 
 885 0010 00000000 		.dword	_ZN6ThreadD1Ev
 885      00000000 
 886 0018 00000000 		.dword	_ZN6ThreadD0Ev
 886      00000000 
 887 0020 00000000 		.dword	_ZN6Thread3runEv
 887      00000000 
 888              		.weak	_ZTV9Semaphore
 889              		.section	.data.rel.ro.local._ZTV9Semaphore,"awG",@progbits,_ZTV9Semaphore,comdat
 890              		.align	3
 893              	_ZTV9Semaphore:
 894 0000 00000000 		.dword	0
GAS LISTING /tmp/cc8HdyHx.s 			page 20


 894      00000000 
 895 0008 00000000 		.dword	0
 895      00000000 
 896 0010 00000000 		.dword	_ZN9SemaphoreD1Ev
 896      00000000 
 897 0018 00000000 		.dword	_ZN9SemaphoreD0Ev
 897      00000000 
 898              		.weak	_ZTV14PeriodicThread
 899              		.section	.data.rel.ro.local._ZTV14PeriodicThread,"awG",@progbits,_ZTV14PeriodicThread,comdat
 900              		.align	3
 903              	_ZTV14PeriodicThread:
 904 0000 00000000 		.dword	0
 904      00000000 
 905 0008 00000000 		.dword	0
 905      00000000 
 906 0010 00000000 		.dword	_ZN14PeriodicThreadD1Ev
 906      00000000 
 907 0018 00000000 		.dword	_ZN14PeriodicThreadD0Ev
 907      00000000 
 908 0020 00000000 		.dword	_ZN14PeriodicThread3runEv
 908      00000000 
 909 0028 00000000 		.dword	_ZN14PeriodicThread18periodicActivationEv
 909      00000000 
 910              		.text
 911              	.Letext0:
 912              		.file 4 "src/../h/../lib/hw.h"
 913              		.file 5 "src/../h/syscall_c.h"
 4210              		.align	3
 4213              	DW.ref.__gxx_personality_v0:
 4214 0000 00000000 		.dword	__gxx_personality_v0
 4214      00000000 
 4215              		.ident	"GCC: (Ubuntu 9.4.0-1ubuntu1~20.04) 9.4.0"
 4216              		.section	.note.GNU-stack,"",@progbits
GAS LISTING /tmp/cc8HdyHx.s 			page 21


DEFINED SYMBOLS
                            *ABS*:0000000000000000 syscall_cpp.cpp
     /tmp/cc8HdyHx.s:10     .text._ZN6Thread3runEv:0000000000000000 _ZN6Thread3runEv
     /tmp/cc8HdyHx.s:14     .text._ZN6Thread3runEv:0000000000000000 .L0 
     /tmp/cc8HdyHx.s:16     .text._ZN6Thread3runEv:0000000000000000 .L0 
     /tmp/cc8HdyHx.s:17     .text._ZN6Thread3runEv:0000000000000004 .L0 
     /tmp/cc8HdyHx.s:19     .text._ZN6Thread3runEv:0000000000000008 .L0 
     /tmp/cc8HdyHx.s:21     .text._ZN6Thread3runEv:000000000000000c .L0 
     /tmp/cc8HdyHx.s:23     .text._ZN6Thread3runEv:000000000000000c .L0 
     /tmp/cc8HdyHx.s:24     .text._ZN6Thread3runEv:0000000000000010 .L0 
     /tmp/cc8HdyHx.s:25     .text._ZN6Thread3runEv:0000000000000010 .L0 
     /tmp/cc8HdyHx.s:27     .text._ZN6Thread3runEv:0000000000000014 .L0 
     /tmp/cc8HdyHx.s:29     .text._ZN6Thread3runEv:0000000000000018 .L0 
     /tmp/cc8HdyHx.s:36     .text._ZN14PeriodicThread18periodicActivationEv:0000000000000000 _ZN14PeriodicThread18periodicActivationEv
     /tmp/cc8HdyHx.s:39     .text._ZN14PeriodicThread18periodicActivationEv:0000000000000000 .L0 
     /tmp/cc8HdyHx.s:41     .text._ZN14PeriodicThread18periodicActivationEv:0000000000000000 .L0 
     /tmp/cc8HdyHx.s:42     .text._ZN14PeriodicThread18periodicActivationEv:0000000000000004 .L0 
     /tmp/cc8HdyHx.s:44     .text._ZN14PeriodicThread18periodicActivationEv:0000000000000008 .L0 
     /tmp/cc8HdyHx.s:46     .text._ZN14PeriodicThread18periodicActivationEv:000000000000000c .L0 
     /tmp/cc8HdyHx.s:48     .text._ZN14PeriodicThread18periodicActivationEv:000000000000000c .L0 
     /tmp/cc8HdyHx.s:49     .text._ZN14PeriodicThread18periodicActivationEv:0000000000000010 .L0 
     /tmp/cc8HdyHx.s:50     .text._ZN14PeriodicThread18periodicActivationEv:0000000000000010 .L0 
     /tmp/cc8HdyHx.s:52     .text._ZN14PeriodicThread18periodicActivationEv:0000000000000014 .L0 
     /tmp/cc8HdyHx.s:54     .text._ZN14PeriodicThread18periodicActivationEv:0000000000000018 .L0 
     /tmp/cc8HdyHx.s:61     .text:0000000000000000 _ZN6Thread7wrapperEPv
     /tmp/cc8HdyHx.s:65     .text:0000000000000000 .L0 
     /tmp/cc8HdyHx.s:67     .text:0000000000000000 .L0 
     /tmp/cc8HdyHx.s:68     .text:0000000000000000 .L0 
     /tmp/cc8HdyHx.s:69     .text:0000000000000000 .L0 
     /tmp/cc8HdyHx.s:71     .text:0000000000000004 .L0 
     /tmp/cc8HdyHx.s:72     .text:0000000000000008 .L0 
     /tmp/cc8HdyHx.s:75     .text:0000000000000010 .L0 
     /tmp/cc8HdyHx.s:76     .text:0000000000000010 .L0 
     /tmp/cc8HdyHx.s:78     .text:0000000000000014 .L0 
     /tmp/cc8HdyHx.s:80     .text:0000000000000014 .L0 
     /tmp/cc8HdyHx.s:81     .text:0000000000000014 .L0 
     /tmp/cc8HdyHx.s:84     .text:000000000000001c .L0 
     /tmp/cc8HdyHx.s:87     .text:0000000000000020 .L0 
     /tmp/cc8HdyHx.s:88     .text:0000000000000024 .L0 
     /tmp/cc8HdyHx.s:90     .text:0000000000000028 .L0 
     /tmp/cc8HdyHx.s:91     .text:0000000000000028 .L0 
     /tmp/cc8HdyHx.s:93     .text:000000000000002c .L0 
     /tmp/cc8HdyHx.s:98     .text:0000000000000034 .L0 
     /tmp/cc8HdyHx.s:104    .text:0000000000000034 _ZN6ThreadD2Ev
     /tmp/cc8HdyHx.s:107    .text:0000000000000034 .L0 
     /tmp/cc8HdyHx.s:109    .text:0000000000000034 .L0 
     /tmp/cc8HdyHx.s:110    .text:0000000000000038 .L0 
     /tmp/cc8HdyHx.s:112    .text:000000000000003c .L0 
     /tmp/cc8HdyHx.s:114    .text:0000000000000040 .L0 
     /tmp/cc8HdyHx.s:117    .text:0000000000000040 .L0 
     /tmp/cc8HdyHx.s:123    .text:0000000000000044 .L0 
     /tmp/cc8HdyHx.s:124    .text:0000000000000044 .L0 
     /tmp/cc8HdyHx.s:131    .text:000000000000004c .L0 
     /tmp/cc8HdyHx.s:132    .text:0000000000000050 .L0 
     /tmp/cc8HdyHx.s:133    .text:0000000000000050 .L0 
     /tmp/cc8HdyHx.s:135    .text:0000000000000054 .L0 
     /tmp/cc8HdyHx.s:137    .text:0000000000000058 .L0 
GAS LISTING /tmp/cc8HdyHx.s 			page 22


     /tmp/cc8HdyHx.s:104    .text:0000000000000034 _ZN6ThreadD1Ev
     /tmp/cc8HdyHx.s:145    .text:0000000000000058 _ZN6ThreadD0Ev
     /tmp/cc8HdyHx.s:148    .text:0000000000000058 .L0 
     /tmp/cc8HdyHx.s:150    .text:0000000000000058 .L0 
     /tmp/cc8HdyHx.s:151    .text:000000000000005c .L0 
     /tmp/cc8HdyHx.s:155    .text:0000000000000068 .L0 
     /tmp/cc8HdyHx.s:156    .text:0000000000000068 .L0 
     /tmp/cc8HdyHx.s:157    .text:0000000000000068 .L0 
     /tmp/cc8HdyHx.s:159    .text:000000000000006c .L0 
     /tmp/cc8HdyHx.s:162    .text:0000000000000070 .L0 
     /tmp/cc8HdyHx.s:168    .text:0000000000000088 .L0 
     /tmp/cc8HdyHx.s:170    .text:000000000000008c .L0 
     /tmp/cc8HdyHx.s:171    .text:000000000000008c .L0 
     /tmp/cc8HdyHx.s:173    .text:0000000000000090 .L0 
     /tmp/cc8HdyHx.s:176    .text:0000000000000094 .L0 
     /tmp/cc8HdyHx.s:178    .text:0000000000000098 .L0 
     /tmp/cc8HdyHx.s:184    .text:0000000000000098 _ZN9SemaphoreD2Ev
     /tmp/cc8HdyHx.s:187    .text:0000000000000098 .L0 
     /tmp/cc8HdyHx.s:4213   .data.rel.local.DW.ref.__gxx_personality_v0:0000000000000000 DW.ref.__gxx_personality_v0
     /tmp/cc8HdyHx.s:191    .text:0000000000000098 .L0 
     /tmp/cc8HdyHx.s:192    .text:000000000000009c .L0 
     /tmp/cc8HdyHx.s:195    .text:00000000000000a4 .L0 
     /tmp/cc8HdyHx.s:196    .text:00000000000000a4 .L0 
     /tmp/cc8HdyHx.s:198    .text:00000000000000a8 .L0 
     /tmp/cc8HdyHx.s:893    .data.rel.ro.local._ZTV9Semaphore:0000000000000000 _ZTV9Semaphore
     /tmp/cc8HdyHx.s:201    .text:00000000000000a8 .L0 
     /tmp/cc8HdyHx.s:204    .text:00000000000000b4 .L0 
     /tmp/cc8HdyHx.s:205    .text:00000000000000b4 .L0 
     /tmp/cc8HdyHx.s:211    .text:00000000000000c0 .L0 
     /tmp/cc8HdyHx.s:212    .text:00000000000000c4 .L0 
     /tmp/cc8HdyHx.s:214    .text:00000000000000c8 .L0 
     /tmp/cc8HdyHx.s:215    .text:00000000000000c8 .L0 
     /tmp/cc8HdyHx.s:217    .text:00000000000000cc .L0 
     /tmp/cc8HdyHx.s:219    .text:00000000000000d0 .L0 
     /tmp/cc8HdyHx.s:184    .text:0000000000000098 _ZN9SemaphoreD1Ev
     /tmp/cc8HdyHx.s:235    .text:00000000000000d0 _ZN9SemaphoreD0Ev
     /tmp/cc8HdyHx.s:238    .text:00000000000000d0 .L0 
     /tmp/cc8HdyHx.s:240    .text:00000000000000d0 .L0 
     /tmp/cc8HdyHx.s:241    .text:00000000000000d4 .L0 
     /tmp/cc8HdyHx.s:245    .text:00000000000000e0 .L0 
     /tmp/cc8HdyHx.s:246    .text:00000000000000e0 .L0 
     /tmp/cc8HdyHx.s:247    .text:00000000000000e0 .L0 
     /tmp/cc8HdyHx.s:249    .text:00000000000000e4 .L0 
     /tmp/cc8HdyHx.s:252    .text:00000000000000e8 .L0 
     /tmp/cc8HdyHx.s:258    .text:0000000000000100 .L0 
     /tmp/cc8HdyHx.s:260    .text:0000000000000104 .L0 
     /tmp/cc8HdyHx.s:261    .text:0000000000000104 .L0 
     /tmp/cc8HdyHx.s:263    .text:0000000000000108 .L0 
     /tmp/cc8HdyHx.s:266    .text:000000000000010c .L0 
     /tmp/cc8HdyHx.s:268    .text:0000000000000110 .L0 
     /tmp/cc8HdyHx.s:274    .text:0000000000000110 _ZN6ThreadC2Ev
     /tmp/cc8HdyHx.s:277    .text:0000000000000110 .L0 
     /tmp/cc8HdyHx.s:279    .text:0000000000000110 .L0 
     /tmp/cc8HdyHx.s:280    .text:0000000000000114 .L0 
     /tmp/cc8HdyHx.s:282    .text:0000000000000118 .L0 
     /tmp/cc8HdyHx.s:284    .text:000000000000011c .L0 
     /tmp/cc8HdyHx.s:882    .data.rel.ro.local._ZTV6Thread:0000000000000000 _ZTV6Thread
GAS LISTING /tmp/cc8HdyHx.s 			page 23


     /tmp/cc8HdyHx.s:287    .text:000000000000011c .L0 
     /tmp/cc8HdyHx.s:290    .text:0000000000000128 .L0 
     /tmp/cc8HdyHx.s:291    .text:0000000000000128 .L0 
     /tmp/cc8HdyHx.s:294    .text:0000000000000134 .L0 
     /tmp/cc8HdyHx.s:295    .text:0000000000000134 .L0 
     /tmp/cc8HdyHx.s:298    .text:0000000000000138 .L0 
     /tmp/cc8HdyHx.s:299    .text:000000000000013c .L0 
     /tmp/cc8HdyHx.s:300    .text:000000000000013c .L0 
     /tmp/cc8HdyHx.s:302    .text:0000000000000140 .L0 
     /tmp/cc8HdyHx.s:304    .text:0000000000000144 .L0 
     /tmp/cc8HdyHx.s:274    .text:0000000000000110 _ZN6ThreadC1Ev
     /tmp/cc8HdyHx.s:312    .text:0000000000000144 _ZN6ThreadC2EPFvPvES0_
     /tmp/cc8HdyHx.s:315    .text:0000000000000144 .L0 
     /tmp/cc8HdyHx.s:317    .text:0000000000000144 .L0 
     /tmp/cc8HdyHx.s:318    .text:0000000000000148 .L0 
     /tmp/cc8HdyHx.s:320    .text:000000000000014c .L0 
     /tmp/cc8HdyHx.s:322    .text:0000000000000150 .L0 
     /tmp/cc8HdyHx.s:325    .text:0000000000000150 .L0 
     /tmp/cc8HdyHx.s:328    .text:000000000000015c .L0 
     /tmp/cc8HdyHx.s:329    .text:000000000000015c .L0 
     /tmp/cc8HdyHx.s:331    .text:0000000000000160 .L0 
     /tmp/cc8HdyHx.s:332    .text:0000000000000160 .L0 
     /tmp/cc8HdyHx.s:335    .text:0000000000000164 .L0 
     /tmp/cc8HdyHx.s:336    .text:0000000000000168 .L0 
     /tmp/cc8HdyHx.s:337    .text:0000000000000168 .L0 
     /tmp/cc8HdyHx.s:339    .text:000000000000016c .L0 
     /tmp/cc8HdyHx.s:341    .text:0000000000000170 .L0 
     /tmp/cc8HdyHx.s:312    .text:0000000000000144 _ZN6ThreadC1EPFvPvES0_
     /tmp/cc8HdyHx.s:349    .text:0000000000000170 _ZN6Thread8dispatchEv
     /tmp/cc8HdyHx.s:352    .text:0000000000000170 .L0 
     /tmp/cc8HdyHx.s:353    .text:0000000000000170 .L0 
     /tmp/cc8HdyHx.s:354    .text:0000000000000174 .L0 
     /tmp/cc8HdyHx.s:357    .text:000000000000017c .L0 
     /tmp/cc8HdyHx.s:358    .text:000000000000017c .L0 
     /tmp/cc8HdyHx.s:360    .text:0000000000000180 .L0 
     /tmp/cc8HdyHx.s:362    .text:0000000000000180 .L0 
     /tmp/cc8HdyHx.s:363    .text:0000000000000180 .L0 
     /tmp/cc8HdyHx.s:366    .text:0000000000000188 .L0 
     /tmp/cc8HdyHx.s:367    .text:000000000000018c .L0 
     /tmp/cc8HdyHx.s:369    .text:0000000000000190 .L0 
     /tmp/cc8HdyHx.s:370    .text:0000000000000190 .L0 
     /tmp/cc8HdyHx.s:372    .text:0000000000000194 .L0 
     /tmp/cc8HdyHx.s:374    .text:0000000000000198 .L0 
     /tmp/cc8HdyHx.s:380    .text:0000000000000198 _ZN6Thread5startEv
     /tmp/cc8HdyHx.s:383    .text:0000000000000198 .L0 
     /tmp/cc8HdyHx.s:385    .text:0000000000000198 .L0 
     /tmp/cc8HdyHx.s:386    .text:000000000000019c .L0 
     /tmp/cc8HdyHx.s:390    .text:00000000000001a8 .L0 
     /tmp/cc8HdyHx.s:391    .text:00000000000001a8 .L0 
     /tmp/cc8HdyHx.s:392    .text:00000000000001a8 .L0 
     /tmp/cc8HdyHx.s:394    .text:00000000000001ac .L0 
     /tmp/cc8HdyHx.s:397    .text:00000000000001b0 .L0 
     /tmp/cc8HdyHx.s:398    .text:00000000000001b0 .L0 
     /tmp/cc8HdyHx.s:405    .text:00000000000001c4 .L0 
     /tmp/cc8HdyHx.s:406    .text:00000000000001c4 .L0 
     /tmp/cc8HdyHx.s:408    .text:00000000000001c8 .L0 
     /tmp/cc8HdyHx.s:411    .text:00000000000001cc .L0 
GAS LISTING /tmp/cc8HdyHx.s 			page 24


     /tmp/cc8HdyHx.s:412    .text:00000000000001cc .L0 
     /tmp/cc8HdyHx.s:414    .text:00000000000001d0 .L0 
     /tmp/cc8HdyHx.s:416    .text:00000000000001d4 .L0 
     /tmp/cc8HdyHx.s:419    .text:00000000000001d8 .L0 
     /tmp/cc8HdyHx.s:420    .text:00000000000001dc .L0 
     /tmp/cc8HdyHx.s:421    .text:00000000000001dc .L0 
     /tmp/cc8HdyHx.s:423    .text:00000000000001e0 .L0 
     /tmp/cc8HdyHx.s:424    .text:00000000000001e0 .L0 
     /tmp/cc8HdyHx.s:426    .text:00000000000001e4 .L0 
     /tmp/cc8HdyHx.s:429    .text:00000000000001e8 .L0 
     /tmp/cc8HdyHx.s:433    .text:00000000000001ec .L0 
     /tmp/cc8HdyHx.s:435    .text:00000000000001ec .L0 
     /tmp/cc8HdyHx.s:436    .text:00000000000001ec .L0 
     /tmp/cc8HdyHx.s:438    .text:00000000000001f0 .L0 
     /tmp/cc8HdyHx.s:443    .text:0000000000000200 .L0 
     /tmp/cc8HdyHx.s:445    .text:0000000000000208 .L0 
     /tmp/cc8HdyHx.s:451    .text:0000000000000208 _ZN6Thread5sleepEm
     /tmp/cc8HdyHx.s:454    .text:0000000000000208 .L0 
     /tmp/cc8HdyHx.s:456    .text:0000000000000208 .L0 
     /tmp/cc8HdyHx.s:457    .text:000000000000020c .L0 
     /tmp/cc8HdyHx.s:460    .text:0000000000000214 .L0 
     /tmp/cc8HdyHx.s:461    .text:0000000000000214 .L0 
     /tmp/cc8HdyHx.s:463    .text:0000000000000218 .L0 
     /tmp/cc8HdyHx.s:465    .text:0000000000000218 .L0 
     /tmp/cc8HdyHx.s:466    .text:0000000000000218 .L0 
     /tmp/cc8HdyHx.s:469    .text:0000000000000220 .L0 
     /tmp/cc8HdyHx.s:470    .text:0000000000000224 .L0 
     /tmp/cc8HdyHx.s:472    .text:0000000000000228 .L0 
     /tmp/cc8HdyHx.s:473    .text:0000000000000228 .L0 
     /tmp/cc8HdyHx.s:475    .text:000000000000022c .L0 
     /tmp/cc8HdyHx.s:477    .text:0000000000000230 .L0 
     /tmp/cc8HdyHx.s:483    .text:0000000000000230 _ZN14PeriodicThread3runEv
     /tmp/cc8HdyHx.s:486    .text:0000000000000230 .L0 
     /tmp/cc8HdyHx.s:488    .text:0000000000000230 .L0 
     /tmp/cc8HdyHx.s:489    .text:0000000000000234 .L0 
     /tmp/cc8HdyHx.s:493    .text:0000000000000240 .L0 
     /tmp/cc8HdyHx.s:494    .text:0000000000000240 .L0 
     /tmp/cc8HdyHx.s:495    .text:0000000000000240 .L0 
     /tmp/cc8HdyHx.s:497    .text:0000000000000244 .L0 
     /tmp/cc8HdyHx.s:502    .text:0000000000000248 .L0 
     /tmp/cc8HdyHx.s:503    .text:0000000000000248 .L0 
     /tmp/cc8HdyHx.s:504    .text:0000000000000248 .L0 
     /tmp/cc8HdyHx.s:506    .text:000000000000024c .L0 
     /tmp/cc8HdyHx.s:508    .text:0000000000000250 .L0 
     /tmp/cc8HdyHx.s:509    .text:0000000000000250 .L0 
     /tmp/cc8HdyHx.s:512    .text:0000000000000258 .L0 
     /tmp/cc8HdyHx.s:516    .text:0000000000000260 .L0 
     /tmp/cc8HdyHx.s:517    .text:0000000000000260 .L0 
     /tmp/cc8HdyHx.s:521    .text:000000000000026c .L0 
     /tmp/cc8HdyHx.s:524    .text:0000000000000270 .L0 
     /tmp/cc8HdyHx.s:525    .text:0000000000000274 .L0 
     /tmp/cc8HdyHx.s:527    .text:0000000000000278 .L0 
     /tmp/cc8HdyHx.s:528    .text:0000000000000278 .L0 
     /tmp/cc8HdyHx.s:530    .text:000000000000027c .L0 
     /tmp/cc8HdyHx.s:533    .text:0000000000000280 .L0 
     /tmp/cc8HdyHx.s:535    .text:0000000000000284 .L0 
     /tmp/cc8HdyHx.s:541    .text:0000000000000284 _ZN9SemaphoreC2Ej
GAS LISTING /tmp/cc8HdyHx.s 			page 25


     /tmp/cc8HdyHx.s:544    .text:0000000000000284 .L0 
     /tmp/cc8HdyHx.s:546    .text:0000000000000284 .L0 
     /tmp/cc8HdyHx.s:547    .text:0000000000000288 .L0 
     /tmp/cc8HdyHx.s:550    .text:0000000000000290 .L0 
     /tmp/cc8HdyHx.s:551    .text:0000000000000290 .L0 
     /tmp/cc8HdyHx.s:553    .text:0000000000000294 .L0 
     /tmp/cc8HdyHx.s:556    .text:0000000000000294 .L0 
     /tmp/cc8HdyHx.s:559    .text:00000000000002a0 .L0 
     /tmp/cc8HdyHx.s:560    .text:00000000000002a0 .L0 
     /tmp/cc8HdyHx.s:566    .text:00000000000002ac .L0 
     /tmp/cc8HdyHx.s:567    .text:00000000000002b0 .L0 
     /tmp/cc8HdyHx.s:569    .text:00000000000002b4 .L0 
     /tmp/cc8HdyHx.s:570    .text:00000000000002b4 .L0 
     /tmp/cc8HdyHx.s:572    .text:00000000000002b8 .L0 
     /tmp/cc8HdyHx.s:574    .text:00000000000002bc .L0 
     /tmp/cc8HdyHx.s:541    .text:0000000000000284 _ZN9SemaphoreC1Ej
     /tmp/cc8HdyHx.s:582    .text:00000000000002bc _ZN9Semaphore4waitEv
     /tmp/cc8HdyHx.s:585    .text:00000000000002bc .L0 
     /tmp/cc8HdyHx.s:587    .text:00000000000002bc .L0 
     /tmp/cc8HdyHx.s:588    .text:00000000000002c0 .L0 
     /tmp/cc8HdyHx.s:591    .text:00000000000002c8 .L0 
     /tmp/cc8HdyHx.s:592    .text:00000000000002c8 .L0 
     /tmp/cc8HdyHx.s:594    .text:00000000000002cc .L0 
     /tmp/cc8HdyHx.s:596    .text:00000000000002cc .L0 
     /tmp/cc8HdyHx.s:597    .text:00000000000002cc .L0 
     /tmp/cc8HdyHx.s:602    .text:00000000000002d8 .L0 
     /tmp/cc8HdyHx.s:603    .text:00000000000002dc .L0 
     /tmp/cc8HdyHx.s:605    .text:00000000000002e0 .L0 
     /tmp/cc8HdyHx.s:606    .text:00000000000002e0 .L0 
     /tmp/cc8HdyHx.s:608    .text:00000000000002e4 .L0 
     /tmp/cc8HdyHx.s:610    .text:00000000000002e8 .L0 
     /tmp/cc8HdyHx.s:616    .text:00000000000002e8 _ZN9Semaphore6signalEv
     /tmp/cc8HdyHx.s:619    .text:00000000000002e8 .L0 
     /tmp/cc8HdyHx.s:621    .text:00000000000002e8 .L0 
     /tmp/cc8HdyHx.s:622    .text:00000000000002ec .L0 
     /tmp/cc8HdyHx.s:625    .text:00000000000002f4 .L0 
     /tmp/cc8HdyHx.s:626    .text:00000000000002f4 .L0 
     /tmp/cc8HdyHx.s:628    .text:00000000000002f8 .L0 
     /tmp/cc8HdyHx.s:630    .text:00000000000002f8 .L0 
     /tmp/cc8HdyHx.s:631    .text:00000000000002f8 .L0 
     /tmp/cc8HdyHx.s:636    .text:0000000000000304 .L0 
     /tmp/cc8HdyHx.s:637    .text:0000000000000308 .L0 
     /tmp/cc8HdyHx.s:639    .text:000000000000030c .L0 
     /tmp/cc8HdyHx.s:640    .text:000000000000030c .L0 
     /tmp/cc8HdyHx.s:642    .text:0000000000000310 .L0 
     /tmp/cc8HdyHx.s:644    .text:0000000000000314 .L0 
     /tmp/cc8HdyHx.s:650    .text:0000000000000314 _ZN14PeriodicThread9terminateEv
     /tmp/cc8HdyHx.s:653    .text:0000000000000314 .L0 
     /tmp/cc8HdyHx.s:655    .text:0000000000000314 .L0 
     /tmp/cc8HdyHx.s:656    .text:0000000000000318 .L0 
     /tmp/cc8HdyHx.s:658    .text:000000000000031c .L0 
     /tmp/cc8HdyHx.s:660    .text:0000000000000320 .L0 
     /tmp/cc8HdyHx.s:662    .text:0000000000000320 .L0 
     /tmp/cc8HdyHx.s:663    .text:0000000000000320 .L0 
     /tmp/cc8HdyHx.s:665    .text:0000000000000324 .L0 
     /tmp/cc8HdyHx.s:666    .text:0000000000000328 .L0 
     /tmp/cc8HdyHx.s:667    .text:0000000000000328 .L0 
GAS LISTING /tmp/cc8HdyHx.s 			page 26


     /tmp/cc8HdyHx.s:669    .text:000000000000032c .L0 
     /tmp/cc8HdyHx.s:671    .text:0000000000000330 .L0 
     /tmp/cc8HdyHx.s:677    .text:0000000000000330 _ZN14PeriodicThreadD2Ev
     /tmp/cc8HdyHx.s:680    .text:0000000000000330 .L0 
     /tmp/cc8HdyHx.s:682    .text:0000000000000330 .L0 
     /tmp/cc8HdyHx.s:683    .text:0000000000000334 .L0 
     /tmp/cc8HdyHx.s:687    .text:0000000000000340 .L0 
     /tmp/cc8HdyHx.s:688    .text:0000000000000340 .L0 
     /tmp/cc8HdyHx.s:689    .text:0000000000000340 .L0 
     /tmp/cc8HdyHx.s:691    .text:0000000000000344 .L0 
     /tmp/cc8HdyHx.s:903    .data.rel.ro.local._ZTV14PeriodicThread:0000000000000000 _ZTV14PeriodicThread
     /tmp/cc8HdyHx.s:695    .text:0000000000000348 .L0 
     /tmp/cc8HdyHx.s:698    .text:0000000000000354 .L0 
     /tmp/cc8HdyHx.s:699    .text:0000000000000354 .L0 
     /tmp/cc8HdyHx.s:702    .text:000000000000035c .L0 
     /tmp/cc8HdyHx.s:707    .text:0000000000000368 .L0 
     /tmp/cc8HdyHx.s:708    .text:000000000000036c .L0 
     /tmp/cc8HdyHx.s:710    .text:0000000000000370 .L0 
     /tmp/cc8HdyHx.s:711    .text:0000000000000370 .L0 
     /tmp/cc8HdyHx.s:713    .text:0000000000000374 .L0 
     /tmp/cc8HdyHx.s:716    .text:0000000000000378 .L0 
     /tmp/cc8HdyHx.s:718    .text:000000000000037c .L0 
     /tmp/cc8HdyHx.s:677    .text:0000000000000330 _ZN14PeriodicThreadD1Ev
     /tmp/cc8HdyHx.s:726    .text:000000000000037c _ZN14PeriodicThreadD0Ev
     /tmp/cc8HdyHx.s:729    .text:000000000000037c .L0 
     /tmp/cc8HdyHx.s:731    .text:000000000000037c .L0 
     /tmp/cc8HdyHx.s:732    .text:0000000000000380 .L0 
     /tmp/cc8HdyHx.s:736    .text:000000000000038c .L0 
     /tmp/cc8HdyHx.s:737    .text:000000000000038c .L0 
     /tmp/cc8HdyHx.s:738    .text:000000000000038c .L0 
     /tmp/cc8HdyHx.s:740    .text:0000000000000390 .L0 
     /tmp/cc8HdyHx.s:743    .text:0000000000000394 .L0 
     /tmp/cc8HdyHx.s:749    .text:00000000000003ac .L0 
     /tmp/cc8HdyHx.s:751    .text:00000000000003b0 .L0 
     /tmp/cc8HdyHx.s:752    .text:00000000000003b0 .L0 
     /tmp/cc8HdyHx.s:754    .text:00000000000003b4 .L0 
     /tmp/cc8HdyHx.s:757    .text:00000000000003b8 .L0 
     /tmp/cc8HdyHx.s:759    .text:00000000000003bc .L0 
     /tmp/cc8HdyHx.s:765    .text:00000000000003bc _ZN14PeriodicThreadC2Em
     /tmp/cc8HdyHx.s:768    .text:00000000000003bc .L0 
     /tmp/cc8HdyHx.s:770    .text:00000000000003bc .L0 
     /tmp/cc8HdyHx.s:771    .text:00000000000003c0 .L0 
     /tmp/cc8HdyHx.s:776    .text:00000000000003d0 .L0 
     /tmp/cc8HdyHx.s:777    .text:00000000000003d0 .L0 
     /tmp/cc8HdyHx.s:778    .text:00000000000003d0 .L0 
     /tmp/cc8HdyHx.s:779    .text:00000000000003d0 .L0 
     /tmp/cc8HdyHx.s:781    .text:00000000000003d4 .L0 
     /tmp/cc8HdyHx.s:786    .text:00000000000003dc .L0 
     /tmp/cc8HdyHx.s:791    .text:00000000000003f0 .L0 
     /tmp/cc8HdyHx.s:792    .text:00000000000003f0 .L0 
     /tmp/cc8HdyHx.s:795    .text:00000000000003f4 .L0 
     /tmp/cc8HdyHx.s:796    .text:00000000000003f8 .L0 
     /tmp/cc8HdyHx.s:798    .text:00000000000003fc .L0 
     /tmp/cc8HdyHx.s:799    .text:00000000000003fc .L0 
     /tmp/cc8HdyHx.s:801    .text:0000000000000400 .L0 
     /tmp/cc8HdyHx.s:804    .text:0000000000000404 .L0 
     /tmp/cc8HdyHx.s:807    .text:0000000000000408 .L0 
GAS LISTING /tmp/cc8HdyHx.s 			page 27


     /tmp/cc8HdyHx.s:809    .text:000000000000040c .L0 
     /tmp/cc8HdyHx.s:765    .text:00000000000003bc _ZN14PeriodicThreadC1Em
     /tmp/cc8HdyHx.s:817    .text:000000000000040c _ZN7Console4getcEv
     /tmp/cc8HdyHx.s:820    .text:000000000000040c .L0 
     /tmp/cc8HdyHx.s:821    .text:000000000000040c .L0 
     /tmp/cc8HdyHx.s:822    .text:0000000000000410 .L0 
     /tmp/cc8HdyHx.s:825    .text:0000000000000418 .L0 
     /tmp/cc8HdyHx.s:826    .text:0000000000000418 .L0 
     /tmp/cc8HdyHx.s:828    .text:000000000000041c .L0 
     /tmp/cc8HdyHx.s:830    .text:000000000000041c .L0 
     /tmp/cc8HdyHx.s:831    .text:000000000000041c .L0 
     /tmp/cc8HdyHx.s:834    .text:0000000000000424 .L0 
     /tmp/cc8HdyHx.s:835    .text:0000000000000428 .L0 
     /tmp/cc8HdyHx.s:837    .text:000000000000042c .L0 
     /tmp/cc8HdyHx.s:838    .text:000000000000042c .L0 
     /tmp/cc8HdyHx.s:840    .text:0000000000000430 .L0 
     /tmp/cc8HdyHx.s:842    .text:0000000000000434 .L0 
     /tmp/cc8HdyHx.s:848    .text:0000000000000434 _ZN7Console4putcEc
     /tmp/cc8HdyHx.s:851    .text:0000000000000434 .L0 
     /tmp/cc8HdyHx.s:853    .text:0000000000000434 .L0 
     /tmp/cc8HdyHx.s:854    .text:0000000000000438 .L0 
     /tmp/cc8HdyHx.s:857    .text:0000000000000440 .L0 
     /tmp/cc8HdyHx.s:858    .text:0000000000000440 .L0 
     /tmp/cc8HdyHx.s:860    .text:0000000000000444 .L0 
     /tmp/cc8HdyHx.s:862    .text:0000000000000444 .L0 
     /tmp/cc8HdyHx.s:863    .text:0000000000000444 .L0 
     /tmp/cc8HdyHx.s:866    .text:000000000000044c .L0 
     /tmp/cc8HdyHx.s:867    .text:0000000000000450 .L0 
     /tmp/cc8HdyHx.s:869    .text:0000000000000454 .L0 
     /tmp/cc8HdyHx.s:870    .text:0000000000000454 .L0 
     /tmp/cc8HdyHx.s:872    .text:0000000000000458 .L0 
     /tmp/cc8HdyHx.s:874    .text:000000000000045c .L0 
     /tmp/cc8HdyHx.s:32     .text._ZN6Thread3runEv:0000000000000018 .L0 
     /tmp/cc8HdyHx.s:57     .text._ZN14PeriodicThread18periodicActivationEv:0000000000000018 .L0 
     /tmp/cc8HdyHx.s:914    .text:000000000000045c .L0 
     /tmp/cc8HdyHx.s:201    .text:00000000000000a8 .L0 
     /tmp/cc8HdyHx.s:287    .text:000000000000011c .L0 
     /tmp/cc8HdyHx.s:291    .text:0000000000000128 .L0 
     /tmp/cc8HdyHx.s:325    .text:0000000000000150 .L0 
     /tmp/cc8HdyHx.s:438    .text:00000000000001f0 .L0 
     /tmp/cc8HdyHx.s:556    .text:0000000000000294 .L0 
     /tmp/cc8HdyHx.s:695    .text:0000000000000348 .L0 
     /tmp/cc8HdyHx.s:788    .text:00000000000003e4 .L0 
     /tmp/cc8HdyHx.s:96     .text:0000000000000030 .L8
     /tmp/cc8HdyHx.s:432    .text:00000000000001ec .L30
     /tmp/cc8HdyHx.s:441    .text:0000000000000200 .L31
     /tmp/cc8HdyHx.s:409    .text:00000000000001cc .L26
     /tmp/cc8HdyHx.s:417    .text:00000000000001d8 .L27
     /tmp/cc8HdyHx.s:522    .text:0000000000000270 .L34
     /tmp/cc8HdyHx.s:500    .text:0000000000000248 .L36
     /tmp/cc8HdyHx.s:2480   .debug_abbrev:0000000000000000 .Ldebug_abbrev0
     /tmp/cc8HdyHx.s:4155   .debug_str:000000000000070b .LASF125
     /tmp/cc8HdyHx.s:4131   .debug_str:0000000000000646 .LASF126
     /tmp/cc8HdyHx.s:3977   .debug_str:000000000000019d .LASF127
     /tmp/cc8HdyHx.s:3909   .debug_ranges:0000000000000000 .Ldebug_ranges0
     /tmp/cc8HdyHx.s:3919   .debug_line:0000000000000000 .Ldebug_line0
     /tmp/cc8HdyHx.s:4077   .debug_str:00000000000004c9 .LASF0
GAS LISTING /tmp/cc8HdyHx.s 			page 28


     /tmp/cc8HdyHx.s:4089   .debug_str:000000000000050e .LASF1
     /tmp/cc8HdyHx.s:4065   .debug_str:0000000000000468 .LASF2
     /tmp/cc8HdyHx.s:4035   .debug_str:0000000000000396 .LASF4
     /tmp/cc8HdyHx.s:4139   .debug_str:0000000000000684 .LASF3
     /tmp/cc8HdyHx.s:3949   .debug_str:00000000000000c5 .LASF5
     /tmp/cc8HdyHx.s:3987   .debug_str:0000000000000202 .LASF6
     /tmp/cc8HdyHx.s:4095   .debug_str:0000000000000555 .LASF7
     /tmp/cc8HdyHx.s:4075   .debug_str:00000000000004b6 .LASF8
     /tmp/cc8HdyHx.s:4171   .debug_str:000000000000084f .LASF9
     /tmp/cc8HdyHx.s:4017   .debug_str:00000000000002dc .LASF10
     /tmp/cc8HdyHx.s:4109   .debug_str:00000000000005a0 .LASF11
     /tmp/cc8HdyHx.s:4157   .debug_str:00000000000007cf .LASF12
     /tmp/cc8HdyHx.s:3951   .debug_str:00000000000000cc .LASF13
     /tmp/cc8HdyHx.s:3925   .debug_str:0000000000000011 .LASF14
     /tmp/cc8HdyHx.s:3963   .debug_str:0000000000000133 .LASF15
     /tmp/cc8HdyHx.s:4135   .debug_str:0000000000000665 .LASF16
     /tmp/cc8HdyHx.s:3979   .debug_str:00000000000001c0 .LASF17
     /tmp/cc8HdyHx.s:3921   .debug_str:0000000000000000 .LASF18
     /tmp/cc8HdyHx.s:3933   .debug_str:0000000000000043 .LASF128
     /tmp/cc8HdyHx.s:4189   .debug_str:00000000000008ed .LASF129
     /tmp/cc8HdyHx.s:4123   .debug_str:0000000000000614 .LASF130
     /tmp/cc8HdyHx.s:4099   .debug_str:0000000000000572 .LASF20
     /tmp/cc8HdyHx.s:4015   .debug_str:00000000000002c5 .LASF22
     /tmp/cc8HdyHx.s:4067   .debug_str:0000000000000476 .LASF19
     /tmp/cc8HdyHx.s:4029   .debug_str:0000000000000345 .LASF25
     /tmp/cc8HdyHx.s:3931   .debug_str:0000000000000039 .LASF21
     /tmp/cc8HdyHx.s:4047   .debug_str:00000000000003d3 .LASF23
     /tmp/cc8HdyHx.s:4037   .debug_str:000000000000039d .LASF24
     /tmp/cc8HdyHx.s:4165   .debug_str:0000000000000827 .LASF26
     /tmp/cc8HdyHx.s:4059   .debug_str:0000000000000440 .LASF27
     /tmp/cc8HdyHx.s:3945   .debug_str:000000000000009c .LASF28
     /tmp/cc8HdyHx.s:4143   .debug_str:00000000000006a7 .LASF29
     /tmp/cc8HdyHx.s:4191   .debug_str:0000000000000903 .LASF30
     /tmp/cc8HdyHx.s:4061   .debug_str:000000000000044d .LASF31
     /tmp/cc8HdyHx.s:4025   .debug_str:0000000000000321 .LASF33
     /tmp/cc8HdyHx.s:4055   .debug_str:000000000000042a .LASF37
     /tmp/cc8HdyHx.s:3957   .debug_str:00000000000000ff .LASF39
     /tmp/cc8HdyHx.s:4079   .debug_str:00000000000004d6 .LASF32
     /tmp/cc8HdyHx.s:3999   .debug_str:000000000000023a .LASF34
     /tmp/cc8HdyHx.s:4183   .debug_str:00000000000008c9 .LASF35
     /tmp/cc8HdyHx.s:3973   .debug_str:0000000000000182 .LASF36
     /tmp/cc8HdyHx.s:4187   .debug_str:00000000000008d9 .LASF131
     /tmp/cc8HdyHx.s:4163   .debug_str:0000000000000808 .LASF132
     /tmp/cc8HdyHx.s:3953   .debug_str:00000000000000dc .LASF38
     /tmp/cc8HdyHx.s:4177   .debug_str:0000000000000881 .LASF40
     /tmp/cc8HdyHx.s:3991   .debug_str:000000000000021e .LASF41
     /tmp/cc8HdyHx.s:4121   .debug_str:0000000000000608 .LASF42
     /tmp/cc8HdyHx.s:3995   .debug_str:0000000000000229 .LASF133
     /tmp/cc8HdyHx.s:4043   .debug_str:00000000000003b6 .LASF43
     /tmp/cc8HdyHx.s:4041   .debug_str:00000000000003b1 .LASF44
     /tmp/cc8HdyHx.s:3967   .debug_str:0000000000000149 .LASF45
     /tmp/cc8HdyHx.s:4039   .debug_str:00000000000003a8 .LASF46
     /tmp/cc8HdyHx.s:3923   .debug_str:0000000000000009 .LASF47
     /tmp/cc8HdyHx.s:4097   .debug_str:0000000000000568 .LASF48
     /tmp/cc8HdyHx.s:4085   .debug_str:00000000000004fe .LASF49
     /tmp/cc8HdyHx.s:4141   .debug_str:0000000000000696 .LASF134
     /tmp/cc8HdyHx.s:4181   .debug_str:00000000000008bb .LASF54
GAS LISTING /tmp/cc8HdyHx.s 			page 29


     /tmp/cc8HdyHx.s:4031   .debug_str:000000000000035c .LASF56
     /tmp/cc8HdyHx.s:4027   .debug_str:000000000000033a .LASF135
     /tmp/cc8HdyHx.s:3993   .debug_str:0000000000000223 .LASF50
     /tmp/cc8HdyHx.s:4117   .debug_str:00000000000005f7 .LASF136
     /tmp/cc8HdyHx.s:4107   .debug_str:0000000000000598 .LASF51
     /tmp/cc8HdyHx.s:3927   .debug_str:0000000000000021 .LASF52
     /tmp/cc8HdyHx.s:3959   .debug_str:000000000000010e .LASF53
     /tmp/cc8HdyHx.s:4069   .debug_str:0000000000000482 .LASF55
     /tmp/cc8HdyHx.s:4091   .debug_str:0000000000000521 .LASF57
     /tmp/cc8HdyHx.s:4101   .debug_str:000000000000057d .LASF58
     /tmp/cc8HdyHx.s:4001   .debug_str:000000000000024d .LASF59
     /tmp/cc8HdyHx.s:4105   .debug_str:0000000000000589 .LASF60
     /tmp/cc8HdyHx.s:4115   .debug_str:00000000000005dc .LASF67
     /tmp/cc8HdyHx.s:3939   .debug_str:0000000000000072 .LASF61
     /tmp/cc8HdyHx.s:4151   .debug_str:00000000000006dc .LASF62
     /tmp/cc8HdyHx.s:4197   .debug_str:0000000000000954 .LASF70
     /tmp/cc8HdyHx.s:4049   .debug_str:00000000000003e8 .LASF72
     /tmp/cc8HdyHx.s:4021   .debug_str:00000000000002fd .LASF80
     /tmp/cc8HdyHx.s:3943   .debug_str:0000000000000084 .LASF63
     /tmp/cc8HdyHx.s:3929   .debug_str:0000000000000026 .LASF64
     /tmp/cc8HdyHx.s:3971   .debug_str:0000000000000158 .LASF137
     /tmp/cc8HdyHx.s:4129   .debug_str:000000000000063f .LASF65
     /tmp/cc8HdyHx.s:4167   .debug_str:000000000000083d .LASF66
     /tmp/cc8HdyHx.s:4071   .debug_str:0000000000000487 .LASF68
     /tmp/cc8HdyHx.s:4063   .debug_str:000000000000045b .LASF85
     /tmp/cc8HdyHx.s:4113   .debug_str:00000000000005c5 .LASF69
     /tmp/cc8HdyHx.s:3941   .debug_str:000000000000007c .LASF71
     /tmp/cc8HdyHx.s:3955   .debug_str:00000000000000f0 .LASF73
     /tmp/cc8HdyHx.s:4087   .debug_str:0000000000000508 .LASF74
     /tmp/cc8HdyHx.s:4013   .debug_str:00000000000002b2 .LASF75
     /tmp/cc8HdyHx.s:4007   .debug_str:000000000000026d .LASF76
     /tmp/cc8HdyHx.s:4203   .debug_str:0000000000000972 .LASF77
     /tmp/cc8HdyHx.s:4019   .debug_str:00000000000002ea .LASF78
     /tmp/cc8HdyHx.s:4125   .debug_str:0000000000000619 .LASF79
     /tmp/cc8HdyHx.s:4057   .debug_str:000000000000042f .LASF81
     /tmp/cc8HdyHx.s:4199   .debug_str:0000000000000964 .LASF82
     /tmp/cc8HdyHx.s:4147   .debug_str:00000000000006ca .LASF138
     /tmp/cc8HdyHx.s:4111   .debug_str:00000000000005af .LASF139
     /tmp/cc8HdyHx.s:4023   .debug_str:0000000000000317 .LASF83
     /tmp/cc8HdyHx.s:4045   .debug_str:00000000000003be .LASF84
     /tmp/cc8HdyHx.s:3947   .debug_str:00000000000000b5 .LASF86
     /tmp/cc8HdyHx.s:4161   .debug_str:00000000000007f6 .LASF87
     /tmp/cc8HdyHx.s:3937   .debug_str:0000000000000067 .LASF88
     /tmp/cc8HdyHx.s:3961   .debug_str:0000000000000121 .LASF89
     /tmp/cc8HdyHx.s:4201   .debug_str:000000000000096d .LASF90
     /tmp/cc8HdyHx.s:4195   .debug_str:000000000000093f .LASF91
     /tmp/cc8HdyHx.s:4103   .debug_str:0000000000000582 .LASF92
     /tmp/cc8HdyHx.s:4127   .debug_str:0000000000000628 .LASF93
     /tmp/cc8HdyHx.s:4173   .debug_str:000000000000085f .LASF140
     /tmp/cc8HdyHx.s:849    .text:0000000000000434 .LFB42
     /tmp/cc8HdyHx.s:875    .text:000000000000045c .LFE42
     /tmp/cc8HdyHx.s:3588   .debug_loc:0000000000000000 .LLST18
     /tmp/cc8HdyHx.s:864    .text:000000000000044c .LVL58
     /tmp/cc8HdyHx.s:818    .text:000000000000040c .LFB41
     /tmp/cc8HdyHx.s:843    .text:0000000000000434 .LFE41
     /tmp/cc8HdyHx.s:832    .text:0000000000000424 .LVL56
     /tmp/cc8HdyHx.s:4185   .debug_str:00000000000008d4 .LASF94
GAS LISTING /tmp/cc8HdyHx.s 			page 30


     /tmp/cc8HdyHx.s:3965   .debug_str:000000000000013f .LASF95
     /tmp/cc8HdyHx.s:4159   .debug_str:00000000000007de .LASF96
     /tmp/cc8HdyHx.s:727    .text:000000000000037c .LFB40
     /tmp/cc8HdyHx.s:760    .text:00000000000003bc .LFE40
     /tmp/cc8HdyHx.s:3602   .debug_loc:0000000000000039 .LLST15
     /tmp/cc8HdyHx.s:744    .text:000000000000039c .LVL49
     /tmp/cc8HdyHx.s:747    .text:00000000000003a8 .LVL50
     /tmp/cc8HdyHx.s:4081   .debug_str:00000000000004df .LASF97
     /tmp/cc8HdyHx.s:678    .text:0000000000000330 .LFB38
     /tmp/cc8HdyHx.s:719    .text:000000000000037c .LFE38
     /tmp/cc8HdyHx.s:3620   .debug_loc:0000000000000085 .LLST14
     /tmp/cc8HdyHx.s:700    .text:000000000000035c .LVL45
     /tmp/cc8HdyHx.s:704    .text:0000000000000368 .LVL46
     /tmp/cc8HdyHx.s:484    .text:0000000000000230 .LFB36
     /tmp/cc8HdyHx.s:536    .text:0000000000000284 .LFE36
     /tmp/cc8HdyHx.s:3638   .debug_loc:00000000000000d1 .LLST9
     /tmp/cc8HdyHx.s:514    .text:0000000000000260 .LVL31
     /tmp/cc8HdyHx.s:519    .text:000000000000026c .LVL32
     /tmp/cc8HdyHx.s:4009   .debug_str:0000000000000283 .LASF98
     /tmp/cc8HdyHx.s:766    .text:00000000000003bc .LFB34
     /tmp/cc8HdyHx.s:810    .text:000000000000040c .LFE34
     /tmp/cc8HdyHx.s:3656   .debug_loc:000000000000011d .LLST16
     /tmp/cc8HdyHx.s:3674   .debug_loc:0000000000000169 .LLST17
     /tmp/cc8HdyHx.s:787    .text:00000000000003e4 .LVL53
     /tmp/cc8HdyHx.s:651    .text:0000000000000314 .LFB32
     /tmp/cc8HdyHx.s:672    .text:0000000000000330 .LFE32
     /tmp/cc8HdyHx.s:4005   .debug_str:000000000000025b .LASF99
     /tmp/cc8HdyHx.s:236    .text:00000000000000d0 .LFB31
     /tmp/cc8HdyHx.s:269    .text:0000000000000110 .LFE31
     /tmp/cc8HdyHx.s:3693   .debug_loc:00000000000001b6 .LLST6
     /tmp/cc8HdyHx.s:253    .text:00000000000000f0 .LVL16
     /tmp/cc8HdyHx.s:256    .text:00000000000000fc .LVL17
     /tmp/cc8HdyHx.s:4033   .debug_str:0000000000000384 .LASF100
     /tmp/cc8HdyHx.s:185    .text:0000000000000098 .LFB29
     /tmp/cc8HdyHx.s:220    .text:00000000000000d0 .LFE29
     /tmp/cc8HdyHx.s:3711   .debug_loc:0000000000000202 .LLST5
     /tmp/cc8HdyHx.s:208    .text:00000000000000c0 .LVL14
     /tmp/cc8HdyHx.s:617    .text:00000000000002e8 .LFB27
     /tmp/cc8HdyHx.s:645    .text:0000000000000314 .LFE27
     /tmp/cc8HdyHx.s:3725   .debug_loc:000000000000023b .LLST13
     /tmp/cc8HdyHx.s:634    .text:0000000000000304 .LVL42
     /tmp/cc8HdyHx.s:583    .text:00000000000002bc .LFB26
     /tmp/cc8HdyHx.s:611    .text:00000000000002e8 .LFE26
     /tmp/cc8HdyHx.s:3739   .debug_loc:0000000000000274 .LLST12
     /tmp/cc8HdyHx.s:600    .text:00000000000002d8 .LVL39
     /tmp/cc8HdyHx.s:4119   .debug_str:0000000000000603 .LASF101
     /tmp/cc8HdyHx.s:4175   .debug_str:000000000000086f .LASF102
     /tmp/cc8HdyHx.s:542    .text:0000000000000284 .LFB24
     /tmp/cc8HdyHx.s:575    .text:00000000000002bc .LFE24
     /tmp/cc8HdyHx.s:3753   .debug_loc:00000000000002ad .LLST10
     /tmp/cc8HdyHx.s:3773   .debug_loc:00000000000002fb .LLST11
     /tmp/cc8HdyHx.s:563    .text:00000000000002ac .LVL36
     /tmp/cc8HdyHx.s:452    .text:0000000000000208 .LFB22
     /tmp/cc8HdyHx.s:478    .text:0000000000000230 .LFE22
     /tmp/cc8HdyHx.s:3975   .debug_str:0000000000000198 .LASF103
     /tmp/cc8HdyHx.s:3787   .debug_loc:0000000000000334 .LLST8
     /tmp/cc8HdyHx.s:467    .text:0000000000000220 .LVL28
GAS LISTING /tmp/cc8HdyHx.s 			page 31


     /tmp/cc8HdyHx.s:3981   .debug_str:00000000000001d6 .LASF104
     /tmp/cc8HdyHx.s:146    .text:0000000000000058 .LFB21
     /tmp/cc8HdyHx.s:179    .text:0000000000000098 .LFE21
     /tmp/cc8HdyHx.s:3801   .debug_loc:000000000000036d .LLST4
     /tmp/cc8HdyHx.s:163    .text:0000000000000078 .LVL9
     /tmp/cc8HdyHx.s:166    .text:0000000000000084 .LVL10
     /tmp/cc8HdyHx.s:4153   .debug_str:00000000000006fc .LASF105
     /tmp/cc8HdyHx.s:105    .text:0000000000000034 .LFB19
     /tmp/cc8HdyHx.s:138    .text:0000000000000058 .LFE19
     /tmp/cc8HdyHx.s:119    .text:0000000000000044 .LBB6
     /tmp/cc8HdyHx.s:128    .text:000000000000004c .LBE6
     /tmp/cc8HdyHx.s:3819   .debug_loc:00000000000003b9 .LLST2
     /tmp/cc8HdyHx.s:3827   .debug_loc:00000000000003dd .LLST3
     /tmp/cc8HdyHx.s:62     .text:0000000000000000 .LFB17
     /tmp/cc8HdyHx.s:99     .text:0000000000000034 .LFE17
     /tmp/cc8HdyHx.s:3834   .debug_loc:0000000000000400 .LLST0
     /tmp/cc8HdyHx.s:4083   .debug_str:00000000000004f7 .LASF106
     /tmp/cc8HdyHx.s:3852   .debug_loc:000000000000044c .LLST1
     /tmp/cc8HdyHx.s:85     .text:0000000000000020 .LVL3
     /tmp/cc8HdyHx.s:381    .text:0000000000000198 .LFB16
     /tmp/cc8HdyHx.s:446    .text:0000000000000208 .LFE16
     /tmp/cc8HdyHx.s:3870   .debug_loc:0000000000000498 .LLST7
     /tmp/cc8HdyHx.s:403    .text:00000000000001c4 .LVL24
     /tmp/cc8HdyHx.s:350    .text:0000000000000170 .LFB15
     /tmp/cc8HdyHx.s:375    .text:0000000000000198 .LFE15
     /tmp/cc8HdyHx.s:364    .text:0000000000000188 .LVL21
     /tmp/cc8HdyHx.s:4011   .debug_str:000000000000029b .LASF107
     /tmp/cc8HdyHx.s:313    .text:0000000000000144 .LFB13
     /tmp/cc8HdyHx.s:342    .text:0000000000000170 .LFE13
     /tmp/cc8HdyHx.s:3985   .debug_str:00000000000001f3 .LASF108
     /tmp/cc8HdyHx.s:275    .text:0000000000000110 .LFB10
     /tmp/cc8HdyHx.s:305    .text:0000000000000144 .LFE10
     /tmp/cc8HdyHx.s:37     .text._ZN14PeriodicThread18periodicActivationEv:0000000000000000 .LFB1
     /tmp/cc8HdyHx.s:55     .text._ZN14PeriodicThread18periodicActivationEv:0000000000000018 .LFE1
     /tmp/cc8HdyHx.s:11     .text._ZN6Thread3runEv:0000000000000000 .LFB0
     /tmp/cc8HdyHx.s:30     .text._ZN6Thread3runEv:0000000000000018 .LFE0
     /tmp/cc8HdyHx.s:4003   .debug_str:0000000000000252 .LASF109
     /tmp/cc8HdyHx.s:4137   .debug_str:000000000000067b .LASF110
     /tmp/cc8HdyHx.s:4205   .debug_str:0000000000000978 .LASF141
     /tmp/cc8HdyHx.s:4145   .debug_str:00000000000006ba .LASF142
     /tmp/cc8HdyHx.s:4179   .debug_str:00000000000008a0 .LASF111
     /tmp/cc8HdyHx.s:4149   .debug_str:00000000000006d2 .LASF112
     /tmp/cc8HdyHx.s:4073   .debug_str:0000000000000499 .LASF113
     /tmp/cc8HdyHx.s:4169   .debug_str:0000000000000844 .LASF114
     /tmp/cc8HdyHx.s:4051   .debug_str:0000000000000400 .LASF115
     /tmp/cc8HdyHx.s:3969   .debug_str:000000000000014f .LASF116
     /tmp/cc8HdyHx.s:3935   .debug_str:000000000000004b .LASF117
     /tmp/cc8HdyHx.s:3997   .debug_str:0000000000000231 .LASF118
     /tmp/cc8HdyHx.s:4193   .debug_str:000000000000092f .LASF119
     /tmp/cc8HdyHx.s:4133   .debug_str:000000000000065a .LASF120
     /tmp/cc8HdyHx.s:4093   .debug_str:0000000000000534 .LASF121
     /tmp/cc8HdyHx.s:3983   .debug_str:00000000000001e5 .LASF122
     /tmp/cc8HdyHx.s:3989   .debug_str:0000000000000209 .LASF123
     /tmp/cc8HdyHx.s:4053   .debug_str:000000000000041a .LASF124
     /tmp/cc8HdyHx.s:852    .text:0000000000000434 .LVL57
     /tmp/cc8HdyHx.s:730    .text:000000000000037c .LVL48
     /tmp/cc8HdyHx.s:755    .text:00000000000003b4 .LVL51
GAS LISTING /tmp/cc8HdyHx.s 			page 32


     /tmp/cc8HdyHx.s:681    .text:0000000000000330 .LVL44
     /tmp/cc8HdyHx.s:714    .text:0000000000000374 .LVL47
     /tmp/cc8HdyHx.s:487    .text:0000000000000230 .LVL29
     /tmp/cc8HdyHx.s:499    .text:0000000000000248 .LVL30
     /tmp/cc8HdyHx.s:531    .text:000000000000027c .LVL33
     /tmp/cc8HdyHx.s:769    .text:00000000000003bc .LVL52
     /tmp/cc8HdyHx.s:802    .text:0000000000000400 .LVL54
     /tmp/cc8HdyHx.s:805    .text:0000000000000404 .LVL55
     /tmp/cc8HdyHx.s:239    .text:00000000000000d0 .LVL15
     /tmp/cc8HdyHx.s:264    .text:0000000000000108 .LVL18
     /tmp/cc8HdyHx.s:190    .text:0000000000000098 .LVL12
     /tmp/cc8HdyHx.s:206    .text:00000000000000b8 .LVL13
     /tmp/cc8HdyHx.s:620    .text:00000000000002e8 .LVL40
     /tmp/cc8HdyHx.s:632    .text:00000000000002fc .LVL41
     /tmp/cc8HdyHx.s:586    .text:00000000000002bc .LVL37
     /tmp/cc8HdyHx.s:598    .text:00000000000002d0 .LVL38
     /tmp/cc8HdyHx.s:545    .text:0000000000000284 .LVL34
     /tmp/cc8HdyHx.s:561    .text:00000000000002a4 .LVL35
     /tmp/cc8HdyHx.s:455    .text:0000000000000208 .LVL27
     /tmp/cc8HdyHx.s:149    .text:0000000000000058 .LVL8
     /tmp/cc8HdyHx.s:174    .text:0000000000000090 .LVL11
     /tmp/cc8HdyHx.s:118    .text:0000000000000044 .LVL6
     /tmp/cc8HdyHx.s:126    .text:000000000000004c .LVL7
     /tmp/cc8HdyHx.s:66     .text:0000000000000000 .LVL2
     /tmp/cc8HdyHx.s:95     .text:0000000000000030 .LVL4
     /tmp/cc8HdyHx.s:384    .text:0000000000000198 .LVL22
     /tmp/cc8HdyHx.s:401    .text:00000000000001bc .LVL23
     /tmp/cc8HdyHx.s:427    .text:00000000000001e4 .LVL25
     /tmp/cc8HdyHx.s:431    .text:00000000000001ec .LVL26
     /tmp/cc8HdyHx.s:915    .debug_info:0000000000000000 .Ldebug_info0
     /tmp/cc8HdyHx.s:5      .text:0000000000000000 .Ltext0
     /tmp/cc8HdyHx.s:911    .text:000000000000045c .Letext0
     /tmp/cc8HdyHx.s:223    .gcc_except_table:0000000000000000 .LLSDA29

UNDEFINED SYMBOLS
_ZdlPv
_Z9sem_closeP11MySemaphore
__gxx_personality_v0
_Z15thread_dispatchv
_Z13thread_createPP3TCBPFvPvES2_
_ZN3TCB7runningE
_Z10time_sleepm
_Z8sem_openPP11MySemaphorej
_Z8sem_waitP11MySemaphore
_Z10sem_signalP11MySemaphore
_Z4getcv
_Z4putcc
